Archive member included to satisfy reference by file (symbol)

../src/ASF/thirdparty/wireless/services/common_hw_timer/mega/lib\libmegarfa1_lib_hw_timer.a(common_hw_timer.o)
                              src/ASF/thirdparty/wireless/avr2130_lwmesh/source/sys/src/sysTimer.o (common_tc_delay)
c:/program files (x86)/atmel/studio/7.0/toolchain/avr8/avr8-gnu-toolchain/bin/../lib/gcc/avr/5.4.0/../../../../avr/lib/avr51\libm.a(divsf3.o)
                              src/Drivers/moleRF.o (__divsf3)
c:/program files (x86)/atmel/studio/7.0/toolchain/avr8/avr8-gnu-toolchain/bin/../lib/gcc/avr/5.4.0/../../../../avr/lib/avr51\libm.a(divsf3x.o)
                              c:/program files (x86)/atmel/studio/7.0/toolchain/avr8/avr8-gnu-toolchain/bin/../lib/gcc/avr/5.4.0/../../../../avr/lib/avr51\libm.a(divsf3.o) (__divsf3x)
c:/program files (x86)/atmel/studio/7.0/toolchain/avr8/avr8-gnu-toolchain/bin/../lib/gcc/avr/5.4.0/../../../../avr/lib/avr51\libm.a(fixunssfsi.o)
                              src/Drivers/moleRF.o (__fixunssfsi)
c:/program files (x86)/atmel/studio/7.0/toolchain/avr8/avr8-gnu-toolchain/bin/../lib/gcc/avr/5.4.0/../../../../avr/lib/avr51\libm.a(floatundisf.o)
                              src/Drivers/moleRF.o (__floatundisf)
c:/program files (x86)/atmel/studio/7.0/toolchain/avr8/avr8-gnu-toolchain/bin/../lib/gcc/avr/5.4.0/../../../../avr/lib/avr51\libm.a(fp_inf.o)
                              c:/program files (x86)/atmel/studio/7.0/toolchain/avr8/avr8-gnu-toolchain/bin/../lib/gcc/avr/5.4.0/../../../../avr/lib/avr51\libm.a(divsf3x.o) (__fp_inf)
c:/program files (x86)/atmel/studio/7.0/toolchain/avr8/avr8-gnu-toolchain/bin/../lib/gcc/avr/5.4.0/../../../../avr/lib/avr51\libm.a(fp_nan.o)
                              c:/program files (x86)/atmel/studio/7.0/toolchain/avr8/avr8-gnu-toolchain/bin/../lib/gcc/avr/5.4.0/../../../../avr/lib/avr51\libm.a(divsf3x.o) (__fp_nan)
c:/program files (x86)/atmel/studio/7.0/toolchain/avr8/avr8-gnu-toolchain/bin/../lib/gcc/avr/5.4.0/../../../../avr/lib/avr51\libm.a(fp_pscA.o)
                              c:/program files (x86)/atmel/studio/7.0/toolchain/avr8/avr8-gnu-toolchain/bin/../lib/gcc/avr/5.4.0/../../../../avr/lib/avr51\libm.a(divsf3x.o) (__fp_pscA)
c:/program files (x86)/atmel/studio/7.0/toolchain/avr8/avr8-gnu-toolchain/bin/../lib/gcc/avr/5.4.0/../../../../avr/lib/avr51\libm.a(fp_pscB.o)
                              c:/program files (x86)/atmel/studio/7.0/toolchain/avr8/avr8-gnu-toolchain/bin/../lib/gcc/avr/5.4.0/../../../../avr/lib/avr51\libm.a(divsf3x.o) (__fp_pscB)
c:/program files (x86)/atmel/studio/7.0/toolchain/avr8/avr8-gnu-toolchain/bin/../lib/gcc/avr/5.4.0/../../../../avr/lib/avr51\libm.a(fp_round.o)
                              c:/program files (x86)/atmel/studio/7.0/toolchain/avr8/avr8-gnu-toolchain/bin/../lib/gcc/avr/5.4.0/../../../../avr/lib/avr51\libm.a(divsf3.o) (__fp_round)
c:/program files (x86)/atmel/studio/7.0/toolchain/avr8/avr8-gnu-toolchain/bin/../lib/gcc/avr/5.4.0/../../../../avr/lib/avr51\libm.a(fp_split3.o)
                              c:/program files (x86)/atmel/studio/7.0/toolchain/avr8/avr8-gnu-toolchain/bin/../lib/gcc/avr/5.4.0/../../../../avr/lib/avr51\libm.a(divsf3x.o) (__fp_split3)
c:/program files (x86)/atmel/studio/7.0/toolchain/avr8/avr8-gnu-toolchain/bin/../lib/gcc/avr/5.4.0/../../../../avr/lib/avr51\libm.a(fp_zero.o)
                              c:/program files (x86)/atmel/studio/7.0/toolchain/avr8/avr8-gnu-toolchain/bin/../lib/gcc/avr/5.4.0/../../../../avr/lib/avr51\libm.a(fixunssfsi.o) (__fp_zero)
c:/program files (x86)/atmel/studio/7.0/toolchain/avr8/avr8-gnu-toolchain/bin/../lib/gcc/avr/5.4.0/avr51\libgcc.a(_udivmodhi4.o)
                              ../src/ASF/thirdparty/wireless/services/common_hw_timer/mega/lib\libmegarfa1_lib_hw_timer.a(common_hw_timer.o) (__udivmodhi4)
c:/program files (x86)/atmel/studio/7.0/toolchain/avr8/avr8-gnu-toolchain/bin/../lib/gcc/avr/5.4.0/avr51\libgcc.a(_udivmodsi4.o)
                              src/ASF/mega/drivers/usart/usart_megarf.o (__udivmodsi4)
c:/program files (x86)/atmel/studio/7.0/toolchain/avr8/avr8-gnu-toolchain/bin/../lib/gcc/avr/5.4.0/avr51\libgcc.a(_exit.o)
                              C:/Program Files (x86)/Atmel/Studio/7.0/Packs/atmel/ATmega_DFP/1.2.132/gcc/dev/atmega128rfa1/avr51/crtatmega128rfa1.o (exit)
c:/program files (x86)/atmel/studio/7.0/toolchain/avr8/avr8-gnu-toolchain/bin/../lib/gcc/avr/5.4.0/avr51\libgcc.a(_copy_data.o)
                              src/Drivers/serial_comms.o (__do_copy_data)
c:/program files (x86)/atmel/studio/7.0/toolchain/avr8/avr8-gnu-toolchain/bin/../lib/gcc/avr/5.4.0/avr51\libgcc.a(_clear_bss.o)
                              main.o (__do_clear_bss)
c:/program files (x86)/atmel/studio/7.0/toolchain/avr8/avr8-gnu-toolchain/bin/../lib/gcc/avr/5.4.0/avr51\libgcc.a(_umulhisi3.o)
                              ../src/ASF/thirdparty/wireless/services/common_hw_timer/mega/lib\libmegarfa1_lib_hw_timer.a(common_hw_timer.o) (__umulhisi3)
[...]
Memory Configuration

Name             Origin             Length             Attributes
text             0x00000000         0x00020000         xr
data             0x00800100         0x0000ff00         rw !x
eeprom           0x00810000         0x00010000         rw !x
fuse             0x00820000         0x00000003         rw !x
lock             0x00830000         0x00000400         rw !x
signature        0x00840000         0x00000400         rw !x
user_signatures  0x00850000         0x00000400         rw !x
*default*        0x00000000         0xffffffff

Linker script and memory map

Address of section .data set to 0x800200
LOAD C:/Program Files (x86)/Atmel/Studio/7.0/Packs/atmel/ATmega_DFP/1.2.132/gcc/dev/atmega128rfa1/avr51/crtatmega128rfa1.o
LOAD main.o
LOAD src/ASF/common/services/clock/mega/sysclk.o
LOAD src/Drivers/moleRF.o
LOAD src/Drivers/serial_comms.o
LOAD src/ASF/common/services/serial/usart_serial.o
LOAD src/ASF/mega/drivers/usart/usart_megarf.o
LOAD src/ASF/thirdparty/wireless/services/mega/drivers/tc/tc_megarf.o
LOAD src/ASF/thirdparty/wireless/services/sal/atmegarf_sal/src/sal.o
LOAD src/ASF/thirdparty/wireless/services/common_hw_timer/mega/hw_timer.o
LOAD src/ASF/thirdparty/wireless/avr2130_lwmesh/source/sys/src/sys.o
LOAD src/ASF/thirdparty/wireless/avr2130_lwmesh/source/sys/src/sysEncrypt.o
LOAD src/ASF/thirdparty/wireless/avr2130_lwmesh/source/sys/src/sysTimer.o
LOAD src/ASF/thirdparty/wireless/avr2130_lwmesh/source/phy/atmegarfa1/src/phy.o
LOAD src/ASF/thirdparty/wireless/avr2130_lwmesh/source/nwk/src/nwk.o
LOAD src/ASF/thirdparty/wireless/avr2130_lwmesh/source/nwk/src/nwkDataReq.o
LOAD src/ASF/thirdparty/wireless/avr2130_lwmesh/source/nwk/src/nwkFrame.o
LOAD src/ASF/thirdparty/wireless/avr2130_lwmesh/source/nwk/src/nwkGroup.o
LOAD src/ASF/thirdparty/wireless/avr2130_lwmesh/source/nwk/src/nwkRoute.o
LOAD src/ASF/thirdparty/wireless/avr2130_lwmesh/source/nwk/src/nwkRouteDiscovery.o
LOAD src/ASF/thirdparty/wireless/avr2130_lwmesh/source/nwk/src/nwkRx.o
LOAD src/ASF/thirdparty/wireless/avr2130_lwmesh/source/nwk/src/nwkSecurity.o
LOAD src/ASF/thirdparty/wireless/avr2130_lwmesh/source/nwk/src/nwkTx.o
LOAD src/ASF/common/boards/user_board/init.o
START GROUP
LOAD ../src/ASF/thirdparty/wireless/services/common_hw_timer/mega/lib\libmegarfa1_lib_hw_timer.a
LOAD c:/program files (x86)/atmel/studio/7.0/toolchain/avr8/avr8-gnu-toolchain/bin/../lib/gcc/avr/5.4.0/../../../../avr/lib/avr51\libm.a
END GROUP
START GROUP
LOAD c:/program files (x86)/atmel/studio/7.0/toolchain/avr8/avr8-gnu-toolchain/bin/../lib/gcc/avr/5.4.0/avr51\libgcc.a
LOAD c:/program files (x86)/atmel/studio/7.0/toolchain/avr8/avr8-gnu-toolchain/bin/../lib/gcc/avr/5.4.0/../../../../avr/lib/avr51\libm.a
LOAD c:/program files (x86)/atmel/studio/7.0/toolchain/avr8/avr8-gnu-toolchain/bin/../lib/gcc/avr/5.4.0/../../../../avr/lib/avr51\libc.a
LOAD C:/Program Files (x86)/Atmel/Studio/7.0/Packs/atmel/ATmega_DFP/1.2.132/gcc/dev/atmega128rfa1/avr51\libatmega128rfa1.a
END GROUP
                0x00020000                __TEXT_REGION_LENGTH__ = DEFINED (__TEXT_REGION_LENGTH__)?__TEXT_REGION_LENGTH__:0x20000
                0x0000ff00                __DATA_REGION_LENGTH__ = DEFINED (__DATA_REGION_LENGTH__)?__DATA_REGION_LENGTH__:0xff00
                0x00010000                __EEPROM_REGION_LENGTH__ = DEFINED (__EEPROM_REGION_LENGTH__)?__EEPROM_REGION_LENGTH__:0x10000
                [0x00000003]                __FUSE_REGION_LENGTH__ = DEFINED (__FUSE_REGION_LENGTH__)?__FUSE_REGION_LENGTH__:0x400
                0x00000400                __LOCK_REGION_LENGTH__ = DEFINED (__LOCK_REGION_LENGTH__)?__LOCK_REGION_LENGTH__:0x400
                0x00000400                __SIGNATURE_REGION_LENGTH__ = DEFINED (__SIGNATURE_REGION_LENGTH__)?__SIGNATURE_REGION_LENGTH__:0x400
                0x00000400                __USER_SIGNATURE_REGION_LENGTH__ = DEFINED (__USER_SIGNATURE_REGION_LENGTH__)?__USER_SIGNATURE_REGION_LENGTH__:0x400

.hash
 *(.hash)

.dynsym
 *(.dynsym)

.dynstr
 *(.dynstr)

.gnu.version
 *(.gnu.version)

.gnu.version_d
 *(.gnu.version_d)

.gnu.version_r
 *(.gnu.version_r)

.rel.init
 *(.rel.init)

.rela.init
 *(.rela.init)

.rel.text
 *(.rel.text)
 *(.rel.text.*)
 *(.rel.gnu.linkonce.t*)

.rela.text
 *(.rela.text)
 *(.rela.text.*)
 *(.rela.gnu.linkonce.t*)

.rel.fini
 *(.rel.fini)

.rela.fini
 *(.rela.fini)

.rel.rodata
 *(.rel.rodata)
 *(.rel.rodata.*)
 *(.rel.gnu.linkonce.r*)

.rela.rodata
 *(.rela.rodata)
 *(.rela.rodata.*)
 *(.rela.gnu.linkonce.r*)

.rel.data
 *(.rel.data)
 *(.rel.data.*)
 *(.rel.gnu.linkonce.d*)

.rela.data
 *(.rela.data)
 *(.rela.data.*)
 *(.rela.gnu.linkonce.d*)

.rel.ctors
 *(.rel.ctors)

.rela.ctors
 *(.rela.ctors)

.rel.dtors
 *(.rel.dtors)

.rela.dtors
 *(.rela.dtors)

.rel.got
 *(.rel.got)

.rela.got
 *(.rela.got)

.rel.bss
 *(.rel.bss)

.rela.bss
 *(.rela.bss)

.rel.plt
 *(.rel.plt)

.rela.plt
 *(.rela.plt)

.text           0x00000000     0x27b2
 *(.vectors)
 .vectors       0x00000000      0x120 C:/Program Files (x86)/Atmel/Studio/7.0/Packs/atmel/ATmega_DFP/1.2.132/gcc/dev/atmega128rfa1/avr51/crtatmega128rfa1.o
                0x00000000                __vector_default
                0x00000000                __vectors
 *(.vectors)
 *(.progmem.gcc*)
                0x00000120                . = ALIGN (0x2)
                0x00000120                __trampolines_start = .
 *(.trampolines)
 .trampolines   0x00000120        0x0 linker stubs
 *(.trampolines*)
                0x00000120                __trampolines_end = .
 *libprintf_flt.a:*(.progmem.data)
 *libc.a:*(.progmem.data)
 *(.progmem*)
                0x00000120                . = ALIGN (0x2)
 *(.jumptables)
 *(.jumptables*)
 *(.lowtext)
 *(.lowtext*)
                0x00000120                __ctors_start = .
 *(.ctors)
                0x00000120                __ctors_end = .
                0x00000120                __dtors_start = .
 *(.dtors)
                0x00000120                __dtors_end = .
 SORT(*)(.ctors)
 SORT(*)(.dtors)
 *(.init0)
 .init0         0x00000120        0x0 C:/Program Files (x86)/Atmel/Studio/7.0/Packs/atmel/ATmega_DFP/1.2.132/gcc/dev/atmega128rfa1/avr51/crtatmega128rfa1.o
                0x00000120                __init
 *(.init0)
 *(.init1)
 *(.init1)
 *(.init2)
 .init2         0x00000120        0xc C:/Program Files (x86)/Atmel/Studio/7.0/Packs/atmel/ATmega_DFP/1.2.132/gcc/dev/atmega128rfa1/avr51/crtatmega128rfa1.o
 *(.init2)
 *(.init3)
 *(.init3)
 *(.init4)
 .init4         0x0000012c       0x1a c:/program files (x86)/atmel/studio/7.0/toolchain/avr8/avr8-gnu-toolchain/bin/../lib/gcc/avr/5.4.0/avr51\libgcc.a(_copy_data.o)
                0x0000012c                __do_copy_data
 .init4         0x00000146       0x10 c:/program files (x86)/atmel/studio/7.0/toolchain/avr8/avr8-gnu-toolchain/bin/../lib/gcc/avr/5.4.0/avr51\libgcc.a(_clear_bss.o)
                0x00000146                __do_clear_bss
 *(.init4)
 *(.init5)
 *(.init5)
 *(.init6)
 *(.init6)
 *(.init7)
 *(.init7)
 *(.init8)
 *(.init8)
 *(.init9)
 .init9         0x00000156        0x6 C:/Program Files (x86)/Atmel/Studio/7.0/Packs/atmel/ATmega_DFP/1.2.132/gcc/dev/atmega128rfa1/avr51/crtatmega128rfa1.o
 *(.init9)
 *(.text)
 .text          0x0000015c        0x2 C:/Program Files (x86)/Atmel/Studio/7.0/Packs/atmel/ATmega_DFP/1.2.132/gcc/dev/atmega128rfa1/avr51/crtatmega128rfa1.o
                0x0000015c                __vector_38
                0x0000015c                __vector_22
                0x0000015c                __vector_63
                0x0000015c                __vector_28
                0x0000015c                __vector_67
                0x0000015c                __vector_1
                0x0000015c                __vector_71
                0x0000015c                __vector_62
                0x0000015c                __vector_24
                0x0000015c                __vector_12
                0x0000015c                __vector_55
                0x0000015c                __vector_69
                0x0000015c                __vector_46
                0x0000015c                __bad_interrupt
                0x0000015c                __vector_6
                0x0000015c                __vector_31
                0x0000015c                __vector_39
                0x0000015c                __vector_3
                0x0000015c                __vector_23
                0x0000015c                __vector_68
                0x0000015c                __vector_30
                0x0000015c                __vector_25
                0x0000015c                __vector_61
                0x0000015c                __vector_11
                0x0000015c                __vector_54
                0x0000015c                __vector_13
                0x0000015c                __vector_56
                0x0000015c                __vector_7
                0x0000015c                __vector_41
                0x0000015c                __vector_64
                0x0000015c                __vector_27
                0x0000015c                __vector_5
                0x0000015c                __vector_52
                0x0000015c                __vector_37
                0x0000015c                __vector_4
                0x0000015c                __vector_51
                0x0000015c                __vector_9
                0x0000015c                __vector_2
                0x0000015c                __vector_21
                0x0000015c                __vector_15
                0x0000015c                __vector_66
                0x0000015c                __vector_36
                0x0000015c                __vector_58
                0x0000015c                __vector_70
                0x0000015c                __vector_29
                0x0000015c                __vector_60
                0x0000015c                __vector_40
                0x0000015c                __vector_8
                0x0000015c                __vector_26
                0x0000015c                __vector_14
                0x0000015c                __vector_57
                0x0000015c                __vector_53
                0x0000015c                __vector_10
                0x0000015c                __vector_16
                0x0000015c                __vector_59
                0x0000015c                __vector_65
 .text          0x0000015e      0x1e8 ../src/ASF/thirdparty/wireless/services/common_hw_timer/mega/lib\libmegarfa1_lib_hw_timer.a(common_hw_timer.o)
                0x0000015e                common_tc_read_count
                0x000001aa                common_tc_compare_stop
                0x000001ca                common_tc_overflow_stop
                0x000001d2                common_tc_stop
                0x000001da                common_tc_delay
                0x000002a6                common_tc_init
                0x000002b2                tmr_ovf_callback
                0x00000320                tmr_cca_callback
                0x00000332                set_common_tc_overflow_callback
                0x0000033c                set_common_tc_expiry_callback
                0x00000346                . = ALIGN (0x2)
 *(.text.*)
 .text.__portable_avr_delay_cycles
                0x00000346       0x16 main.o
 .text.sendTimerHandler
                0x0000035c        0x2 main.o
 .text.main     0x0000035e       0x88 main.o
                0x0000035e                main
 .text.sysclk_init
                0x000003e6       0x3e src/ASF/common/services/clock/mega/sysclk.o
                0x000003e6                sysclk_init
 .text.sysclk_enable_module
                0x00000424       0x30 src/ASF/common/services/clock/mega/sysclk.o
                0x00000424                sysclk_enable_module
 .text.sysclk_disable_module
                0x00000454       0x2e src/ASF/common/services/clock/mega/sysclk.o
                0x00000454                sysclk_disable_module
 .text.__portable_avr_delay_cycles
                0x00000482       0x16 src/Drivers/moleRF.o
 .text.blinkGPIO
                0x00000498      0x184 src/Drivers/moleRF.o
 .text.txConfirm
                0x0000061c       0x80 src/Drivers/moleRF.o
 .text.appInit  0x0000069c       0x16 src/Drivers/moleRF.o
                0x0000069c                appInit
 .text.sendPacket
                0x000006b2       0x28 src/Drivers/moleRF.o
                0x000006b2                sendPacket
 .text.receivePacket
                0x000006da       0x52 src/Drivers/moleRF.o
                0x000006da                receivePacket
 .text.serial_clear_rx_buffer
                0x0000072c       0x1a src/Drivers/serial_comms.o
                0x0000072c                serial_clear_rx_buffer
 .text.serial_init
                0x00000746        0xe src/Drivers/serial_comms.o
                0x00000746                serial_init
 .text.serial_read_byte_from_rx_buffer
                0x00000754       0x22 src/Drivers/serial_comms.o
                0x00000754                serial_read_byte_from_rx_buffer
 .text.serial_write_byte
                0x00000776        0xa src/Drivers/serial_comms.o
                0x00000776                serial_write_byte
 .text.serial_update_rx_buffer
                0x00000780       0x3a src/Drivers/serial_comms.o
                0x00000780                serial_update_rx_buffer
 .text.usart_putchar
                0x000007ba        0xe src/ASF/mega/drivers/usart/usart_megarf.o
                0x000007ba                usart_putchar
 .text.usart_getchar
                0x000007c8        0xe src/ASF/mega/drivers/usart/usart_megarf.o
                0x000007c8                usart_getchar
 .text.usart_set_baudrate
                0x000007d6      0x116 src/ASF/mega/drivers/usart/usart_megarf.o
                0x000007d6                usart_set_baudrate
 .text.usart_init_rs232
                0x000008ec       0x92 src/ASF/mega/drivers/usart/usart_megarf.o
                0x000008ec                usart_init_rs232
 .text.__vector_20
                0x0000097e       0x5a src/ASF/thirdparty/wireless/services/mega/drivers/tc/tc_megarf.o
                0x0000097e                __vector_20
 .text.__vector_17
                0x000009d8       0x5a src/ASF/thirdparty/wireless/services/mega/drivers/tc/tc_megarf.o
                0x000009d8                __vector_17
 .text.__vector_18
                0x00000a32       0x5a src/ASF/thirdparty/wireless/services/mega/drivers/tc/tc_megarf.o
                0x00000a32                __vector_18
 .text.__vector_19
                0x00000a8c       0x5a src/ASF/thirdparty/wireless/services/mega/drivers/tc/tc_megarf.o
                0x00000a8c                __vector_19
 .text.__vector_35
                0x00000ae6       0x5a src/ASF/thirdparty/wireless/services/mega/drivers/tc/tc_megarf.o
                0x00000ae6                __vector_35
 .text.__vector_32
                0x00000b40       0x5a src/ASF/thirdparty/wireless/services/mega/drivers/tc/tc_megarf.o
                0x00000b40                __vector_32
 .text.__vector_33
                0x00000b9a       0x5a src/ASF/thirdparty/wireless/services/mega/drivers/tc/tc_megarf.o
                0x00000b9a                __vector_33
 .text.__vector_34
                0x00000bf4       0x5a src/ASF/thirdparty/wireless/services/mega/drivers/tc/tc_megarf.o
                0x00000bf4                __vector_34
 .text.__vector_45
                0x00000c4e       0x5a src/ASF/thirdparty/wireless/services/mega/drivers/tc/tc_megarf.o
                0x00000c4e                __vector_45
 .text.__vector_42
                0x00000ca8       0x5a src/ASF/thirdparty/wireless/services/mega/drivers/tc/tc_megarf.o
                0x00000ca8                __vector_42
 .text.__vector_43
                0x00000d02       0x5a src/ASF/thirdparty/wireless/services/mega/drivers/tc/tc_megarf.o
                0x00000d02                __vector_43
 .text.__vector_44
                0x00000d5c       0x5a src/ASF/thirdparty/wireless/services/mega/drivers/tc/tc_megarf.o
                0x00000d5c                __vector_44
 .text.__vector_50
                0x00000db6       0x5a src/ASF/thirdparty/wireless/services/mega/drivers/tc/tc_megarf.o
                0x00000db6                __vector_50
 .text.__vector_47
                0x00000e10       0x5a src/ASF/thirdparty/wireless/services/mega/drivers/tc/tc_megarf.o
                0x00000e10                __vector_47
 .text.__vector_48
                0x00000e6a       0x5a src/ASF/thirdparty/wireless/services/mega/drivers/tc/tc_megarf.o
                0x00000e6a                __vector_48
 .text.__vector_49
                0x00000ec4       0x5a src/ASF/thirdparty/wireless/services/mega/drivers/tc/tc_megarf.o
                0x00000ec4                __vector_49
 .text.tc_enable
                0x00000f1e       0xd4 src/ASF/thirdparty/wireless/services/mega/drivers/tc/tc_megarf.o
                0x00000f1e                tc_enable
 .text.tc_disable
                0x00000ff2       0xd4 src/ASF/thirdparty/wireless/services/mega/drivers/tc/tc_megarf.o
                0x00000ff2                tc_disable
 .text.tc_set_overflow_interrupt_callback
                0x000010c6       0x40 src/ASF/thirdparty/wireless/services/mega/drivers/tc/tc_megarf.o
                0x000010c6                tc_set_overflow_interrupt_callback
 .text.tc_set_compa_interrupt_callback
                0x00001106       0x40 src/ASF/thirdparty/wireless/services/mega/drivers/tc/tc_megarf.o
                0x00001106                tc_set_compa_interrupt_callback
 .text.sal_init
                0x00001146        0x2 src/ASF/thirdparty/wireless/services/sal/atmegarf_sal/src/sal.o
                0x00001146                sal_init
 .text.tc_ovf_callback
                0x00001148        0x4 src/ASF/thirdparty/wireless/services/common_hw_timer/mega/hw_timer.o
                0x00001148                tc_ovf_callback
 .text.tc_cca_callback
                0x0000114c        0x4 src/ASF/thirdparty/wireless/services/common_hw_timer/mega/hw_timer.o
                0x0000114c                tc_cca_callback
 .text.tmr_read_count
                0x00001150        0xa src/ASF/thirdparty/wireless/services/common_hw_timer/mega/hw_timer.o
                0x00001150                tmr_read_count
 .text.tmr_disable_cc_interrupt
                0x0000115a        0xe src/ASF/thirdparty/wireless/services/common_hw_timer/mega/hw_timer.o
                0x0000115a                tmr_disable_cc_interrupt
 .text.tmr_enable_cc_interrupt
                0x00001168        0xe src/ASF/thirdparty/wireless/services/common_hw_timer/mega/hw_timer.o
                0x00001168                tmr_enable_cc_interrupt
 .text.tmr_disable_ovf_interrupt
                0x00001176        0xe src/ASF/thirdparty/wireless/services/common_hw_timer/mega/hw_timer.o
                0x00001176                tmr_disable_ovf_interrupt
 .text.tmr_stop
                0x00001184        0x8 src/ASF/thirdparty/wireless/services/common_hw_timer/mega/hw_timer.o
                0x00001184                tmr_stop
 .text.tmr_write_cmpreg
                0x0000118c       0x16 src/ASF/thirdparty/wireless/services/common_hw_timer/mega/hw_timer.o
                0x0000118c                tmr_write_cmpreg
 .text.save_cpu_interrupt
                0x000011a2       0x1a src/ASF/thirdparty/wireless/services/common_hw_timer/mega/hw_timer.o
                0x000011a2                save_cpu_interrupt
 .text.restore_cpu_interrupt
                0x000011bc        0x4 src/ASF/thirdparty/wireless/services/common_hw_timer/mega/hw_timer.o
                0x000011bc                restore_cpu_interrupt
 .text.tmr_init
                0x000011c0       0x40 src/ASF/thirdparty/wireless/services/common_hw_timer/mega/hw_timer.o
                0x000011c0                tmr_init
 .text.SYS_Init
                0x00001200        0xa src/ASF/thirdparty/wireless/avr2130_lwmesh/source/sys/src/sys.o
                0x00001200                SYS_Init
 .text.SYS_TaskHandler
                0x0000120a        0x8 src/ASF/thirdparty/wireless/avr2130_lwmesh/source/sys/src/sys.o
                0x0000120a                SYS_TaskHandler
 .text.placeTimer
                0x00001212       0xc8 src/ASF/thirdparty/wireless/avr2130_lwmesh/source/sys/src/sysTimer.o
 .text.SYS_HwExpiry_Cb
                0x000012da       0x14 src/ASF/thirdparty/wireless/avr2130_lwmesh/source/sys/src/sysTimer.o
                0x000012da                SYS_HwExpiry_Cb
 .text.SYS_TimerInit
                0x000012ee       0x20 src/ASF/thirdparty/wireless/avr2130_lwmesh/source/sys/src/sysTimer.o
                0x000012ee                SYS_TimerInit
 .text.SYS_TimerStarted
                0x0000130e       0x34 src/ASF/thirdparty/wireless/avr2130_lwmesh/source/sys/src/sysTimer.o
                0x0000130e                SYS_TimerStarted
 .text.SYS_TimerStart
                0x00001342       0x16 src/ASF/thirdparty/wireless/avr2130_lwmesh/source/sys/src/sysTimer.o
                0x00001342                SYS_TimerStart
 .text.SYS_TimerTaskHandler
                0x00001358       0xda src/ASF/thirdparty/wireless/avr2130_lwmesh/source/sys/src/sysTimer.o
                0x00001358                SYS_TimerTaskHandler
 .text.phyTrxSetState
                0x00001432       0x28 src/ASF/thirdparty/wireless/avr2130_lwmesh/source/phy/atmegarfa1/src/phy.o
 .text.phySetRxState
                0x0000145a       0x18 src/ASF/thirdparty/wireless/avr2130_lwmesh/source/phy/atmegarfa1/src/phy.o
 .text.PHY_Init
                0x00001472       0x2c src/ASF/thirdparty/wireless/avr2130_lwmesh/source/phy/atmegarfa1/src/phy.o
                0x00001472                PHY_Init
 .text.PHY_SetRxState
                0x0000149e        0x8 src/ASF/thirdparty/wireless/avr2130_lwmesh/source/phy/atmegarfa1/src/phy.o
                0x0000149e                PHY_SetRxState
 .text.PHY_SetChannel
                0x000014a6       0x10 src/ASF/thirdparty/wireless/avr2130_lwmesh/source/phy/atmegarfa1/src/phy.o
                0x000014a6                PHY_SetChannel
 .text.PHY_SetPanId
                0x000014b6       0x22 src/ASF/thirdparty/wireless/avr2130_lwmesh/source/phy/atmegarfa1/src/phy.o
                0x000014b6                PHY_SetPanId
 .text.PHY_SetShortAddr
                0x000014d8       0x2c src/ASF/thirdparty/wireless/avr2130_lwmesh/source/phy/atmegarfa1/src/phy.o
                0x000014d8                PHY_SetShortAddr
 .text.PHY_DataReq
                0x00001504       0x50 src/ASF/thirdparty/wireless/avr2130_lwmesh/source/phy/atmegarfa1/src/phy.o
                0x00001504                PHY_DataReq
 .text.PHY_TaskHandler
                0x00001554       0xf6 src/ASF/thirdparty/wireless/avr2130_lwmesh/source/phy/atmegarfa1/src/phy.o
                0x00001554                PHY_TaskHandler
 .text.NWK_Init
                0x0000164a       0x2c src/ASF/thirdparty/wireless/avr2130_lwmesh/source/nwk/src/nwk.o
                0x0000164a                NWK_Init
 .text.NWK_SetAddr
                0x00001676        0xc src/ASF/thirdparty/wireless/avr2130_lwmesh/source/nwk/src/nwk.o
                0x00001676                NWK_SetAddr
 .text.NWK_SetPanId
                0x00001682        0xc src/ASF/thirdparty/wireless/avr2130_lwmesh/source/nwk/src/nwk.o
                0x00001682                NWK_SetPanId
 .text.NWK_OpenEndpoint
                0x0000168e       0x12 src/ASF/thirdparty/wireless/avr2130_lwmesh/source/nwk/src/nwk.o
                0x0000168e                NWK_OpenEndpoint
 .text.NWK_TaskHandler
                0x000016a0        0x8 src/ASF/thirdparty/wireless/avr2130_lwmesh/source/nwk/src/nwk.o
                0x000016a0                NWK_TaskHandler
 .text.nwkDataReqTxConf
                0x000016a8       0x46 src/ASF/thirdparty/wireless/avr2130_lwmesh/source/nwk/src/nwkDataReq.o
 .text.nwkDataReqInit
                0x000016ee        0xa src/ASF/thirdparty/wireless/avr2130_lwmesh/source/nwk/src/nwkDataReq.o
                0x000016ee                nwkDataReqInit
 .text.NWK_DataReq
                0x000016f8       0x48 src/ASF/thirdparty/wireless/avr2130_lwmesh/source/nwk/src/nwkDataReq.o
                0x000016f8                NWK_DataReq
 .text.nwkDataReqTaskHandler
                0x00001740      0x144 src/ASF/thirdparty/wireless/avr2130_lwmesh/source/nwk/src/nwkDataReq.o
                0x00001740                nwkDataReqTaskHandler
 .text.nwkFrameInit
                0x00001884       0x16 src/ASF/thirdparty/wireless/avr2130_lwmesh/source/nwk/src/nwkFrame.o
                0x00001884                nwkFrameInit
 .text.nwkFrameAlloc
                0x0000189a       0x6e src/ASF/thirdparty/wireless/avr2130_lwmesh/source/nwk/src/nwkFrame.o
                0x0000189a                nwkFrameAlloc
 .text.nwkFrameFree
                0x00001908       0x14 src/ASF/thirdparty/wireless/avr2130_lwmesh/source/nwk/src/nwkFrame.o
                0x00001908                nwkFrameFree
 .text.nwkFrameNext
                0x0000191c       0x4a src/ASF/thirdparty/wireless/avr2130_lwmesh/source/nwk/src/nwkFrame.o
                0x0000191c                nwkFrameNext
 .text.nwkFrameCommandInit
                0x00001966       0x28 src/ASF/thirdparty/wireless/avr2130_lwmesh/source/nwk/src/nwkFrame.o
                0x00001966                nwkFrameCommandInit
 .text.nwkRxSeriveDataInd
                0x0000198e       0x26 src/ASF/thirdparty/wireless/avr2130_lwmesh/source/nwk/src/nwkRx.o
 .text.nwkRxDuplicateRejectionTimerHandler
                0x000019b4       0x2c src/ASF/thirdparty/wireless/avr2130_lwmesh/source/nwk/src/nwkRx.o
 .text.nwkRxInit
                0x000019e0       0x3a src/ASF/thirdparty/wireless/avr2130_lwmesh/source/nwk/src/nwkRx.o
                0x000019e0                nwkRxInit
 .text.PHY_DataInd
                0x00001a1a       0x54 src/ASF/thirdparty/wireless/avr2130_lwmesh/source/nwk/src/nwkRx.o
                0x00001a1a                PHY_DataInd
 .text.nwkRxTaskHandler
                0x00001a6e      0x41a src/ASF/thirdparty/wireless/avr2130_lwmesh/source/nwk/src/nwkRx.o
                0x00001a6e                nwkRxTaskHandler
 .text.nwkTxDelayTimerHandler
                0x00001e88       0x58 src/ASF/thirdparty/wireless/avr2130_lwmesh/source/nwk/src/nwkTx.o
 .text.nwkTxAckWaitTimerHandler
                0x00001ee0       0x64 src/ASF/thirdparty/wireless/avr2130_lwmesh/source/nwk/src/nwkTx.o
 .text.nwkTxInit
                0x00001f44       0x46 src/ASF/thirdparty/wireless/avr2130_lwmesh/source/nwk/src/nwkTx.o
                0x00001f44                nwkTxInit
 .text.nwkTxFrame
                0x00001f8a       0x9c src/ASF/thirdparty/wireless/avr2130_lwmesh/source/nwk/src/nwkTx.o
                0x00001f8a                nwkTxFrame
 .text.nwkTxBroadcastFrame
                0x00002026       0x86 src/ASF/thirdparty/wireless/avr2130_lwmesh/source/nwk/src/nwkTx.o
                0x00002026                nwkTxBroadcastFrame
 .text.nwkTxAckReceived
                0x000020ac       0x4a src/ASF/thirdparty/wireless/avr2130_lwmesh/source/nwk/src/nwkTx.o
                0x000020ac                nwkTxAckReceived
 .text.PHY_DataConf
                0x000020f6       0x46 src/ASF/thirdparty/wireless/avr2130_lwmesh/source/nwk/src/nwkTx.o
                0x000020f6                PHY_DataConf
 .text.nwkTxTaskHandler
                0x0000213c      0x12e src/ASF/thirdparty/wireless/avr2130_lwmesh/source/nwk/src/nwkTx.o
                0x0000213c                nwkTxTaskHandler
 .text.board_init
                0x0000226a        0x2 src/ASF/common/boards/user_board/init.o
                0x0000226a                board_init
 .text.avr-libc.fplib
                0x0000226c        0x4 c:/program files (x86)/atmel/studio/7.0/toolchain/avr8/avr8-gnu-toolchain/bin/../lib/gcc/avr/5.4.0/../../../../avr/lib/avr51\libm.a(divsf3.o)
                0x0000226c                __divsf3
 .text.avr-libc.fplib
                0x00002270       0xcc c:/program files (x86)/atmel/studio/7.0/toolchain/avr8/avr8-gnu-toolchain/bin/../lib/gcc/avr/5.4.0/../../../../avr/lib/avr51\libm.a(divsf3x.o)
                0x00002286                __divsf3x
                0x0000228a                __divsf3_pse
 .text.avr-libc.fplib
                0x0000233c       0x58 c:/program files (x86)/atmel/studio/7.0/toolchain/avr8/avr8-gnu-toolchain/bin/../lib/gcc/avr/5.4.0/../../../../avr/lib/avr51\libm.a(fixunssfsi.o)
                0x0000233c                __fixunssfsi
 .text.avr-libc.fplib
                0x00002394       0x7c c:/program files (x86)/atmel/studio/7.0/toolchain/avr8/avr8-gnu-toolchain/bin/../lib/gcc/avr/5.4.0/../../../../avr/lib/avr51\libm.a(floatundisf.o)
                0x00002394                __floatundisf
                0x00002396                __fp_di2sf
 .text.avr-libc.fplib
                0x00002410        0xc c:/program files (x86)/atmel/studio/7.0/toolchain/avr8/avr8-gnu-toolchain/bin/../lib/gcc/avr/5.4.0/../../../../avr/lib/avr51\libm.a(fp_inf.o)
                0x00002410                __fp_inf
 .text.avr-libc.fplib
                0x0000241c        0x6 c:/program files (x86)/atmel/studio/7.0/toolchain/avr8/avr8-gnu-toolchain/bin/../lib/gcc/avr/5.4.0/../../../../avr/lib/avr51\libm.a(fp_nan.o)
                0x0000241c                __fp_nan
 .text.avr-libc.fplib
                0x00002422        0xe c:/program files (x86)/atmel/studio/7.0/toolchain/avr8/avr8-gnu-toolchain/bin/../lib/gcc/avr/5.4.0/../../../../avr/lib/avr51\libm.a(fp_pscA.o)
                0x00002422                __fp_pscA
 .text.avr-libc.fplib
                0x00002430        0xe c:/program files (x86)/atmel/studio/7.0/toolchain/avr8/avr8-gnu-toolchain/bin/../lib/gcc/avr/5.4.0/../../../../avr/lib/avr51\libm.a(fp_pscB.o)
                0x00002430                __fp_pscB
 .text.avr-libc.fplib
                0x0000243e       0x22 c:/program files (x86)/atmel/studio/7.0/toolchain/avr8/avr8-gnu-toolchain/bin/../lib/gcc/avr/5.4.0/../../../../avr/lib/avr51\libm.a(fp_round.o)
                0x0000243e                __fp_round
 .text.avr-libc.fplib
                0x00002460       0x44 c:/program files (x86)/atmel/studio/7.0/toolchain/avr8/avr8-gnu-toolchain/bin/../lib/gcc/avr/5.4.0/../../../../avr/lib/avr51\libm.a(fp_split3.o)
                0x00002460                __fp_split3
                0x00002470                __fp_splitA
 .text.avr-libc.fplib
                0x000024a4        0xe c:/program files (x86)/atmel/studio/7.0/toolchain/avr8/avr8-gnu-toolchain/bin/../lib/gcc/avr/5.4.0/../../../../avr/lib/avr51\libm.a(fp_zero.o)
                0x000024a4                __fp_zero
                0x000024a6                __fp_szero
 .text.libgcc.div
                0x000024b2       0x28 c:/program files (x86)/atmel/studio/7.0/toolchain/avr8/avr8-gnu-toolchain/bin/../lib/gcc/avr/5.4.0/avr51\libgcc.a(_udivmodhi4.o)
                0x000024b2                __udivmodhi4
 .text.libgcc.div
                0x000024da       0x44 c:/program files (x86)/atmel/studio/7.0/toolchain/avr8/avr8-gnu-toolchain/bin/../lib/gcc/avr/5.4.0/avr51\libgcc.a(_udivmodsi4.o)
                0x000024da                __udivmodsi4
 .text.libgcc.mul
                0x0000251e       0x1e c:/program files (x86)/atmel/studio/7.0/toolchain/avr8/avr8-gnu-toolchain/bin/../lib/gcc/avr/5.4.0/avr51\libgcc.a(_umulhisi3.o)
                0x0000251e                __umulhisi3
 .text.libgcc.mul
                0x0000253c       0x92 c:/program files (x86)/atmel/studio/7.0/toolchain/avr8/avr8-gnu-toolchain/bin/../lib/gcc/avr/5.4.0/avr51\libgcc.a(_muldi3.o)
                0x0000253c                __muldi3
 .text.libgcc.mul
                0x000025ce       0x10 c:/program files (x86)/atmel/studio/7.0/toolchain/avr8/avr8-gnu-toolchain/bin/../lib/gcc/avr/5.4.0/avr51\libgcc.a(_muldi3_6.o)
                0x000025ce                __muldi3_6
 .text.libgcc.div
                0x000025de       0x1a c:/program files (x86)/atmel/studio/7.0/toolchain/avr8/avr8-gnu-toolchain/bin/../lib/gcc/avr/5.4.0/avr51\libgcc.a(_udivdi3.o)
                0x000025de                __umoddi3
                0x000025e2                __udivdi3
                0x000025e4                __udivdi3_umoddi3
 .text.libgcc.div
                0x000025f8       0xa2 c:/program files (x86)/atmel/studio/7.0/toolchain/avr8/avr8-gnu-toolchain/bin/../lib/gcc/avr/5.4.0/avr51\libgcc.a(_udivmod64.o)
                0x000025f8                __udivmod64
 .text.avr-libc
                0x0000269a       0xaa c:/program files (x86)/atmel/studio/7.0/toolchain/avr8/avr8-gnu-toolchain/bin/../lib/gcc/avr/5.4.0/../../../../avr/lib/avr51\libc.a(rand.o)
                0x00002726                rand_r
                0x00002728                rand
                0x0000272e                srand
 .text.avr-libc
                0x00002744       0x12 c:/program files (x86)/atmel/studio/7.0/toolchain/avr8/avr8-gnu-toolchain/bin/../lib/gcc/avr/5.4.0/../../../../avr/lib/avr51\libc.a(memcpy.o)
                0x00002744                memcpy
 .text.libgcc.div
                0x00002756       0x28 c:/program files (x86)/atmel/studio/7.0/toolchain/avr8/avr8-gnu-toolchain/bin/../lib/gcc/avr/5.4.0/avr51\libgcc.a(_divmodsi4.o)
                0x00002756                __divmodsi4
 .text.libgcc.div
                0x0000277e       0x10 c:/program files (x86)/atmel/studio/7.0/toolchain/avr8/avr8-gnu-toolchain/bin/../lib/gcc/avr/5.4.0/avr51\libgcc.a(_negsi2.o)
                0x0000277e                __negsi2
 .text.libgcc.mul
                0x0000278e       0x14 c:/program files (x86)/atmel/studio/7.0/toolchain/avr8/avr8-gnu-toolchain/bin/../lib/gcc/avr/5.4.0/avr51\libgcc.a(_muluhisi3.o)
                0x0000278e                __muluhisi3
 .text.libgcc.mul
                0x000027a2        0xc c:/program files (x86)/atmel/studio/7.0/toolchain/avr8/avr8-gnu-toolchain/bin/../lib/gcc/avr/5.4.0/avr51\libgcc.a(_mulshisi3.o)
                0x000027a2                __mulshisi3
                0x000027a6                __mulohisi3
                0x000027ae                . = ALIGN (0x2)
 *(.fini9)
 .fini9         0x000027ae        0x0 c:/program files (x86)/atmel/studio/7.0/toolchain/avr8/avr8-gnu-toolchain/bin/../lib/gcc/avr/5.4.0/avr51\libgcc.a(_exit.o)
                0x000027ae                _exit
                0x000027ae                exit
 *(.fini9)
 *(.fini8)
 *(.fini8)
 *(.fini7)
 *(.fini7)
 *(.fini6)
 *(.fini6)
 *(.fini5)
 *(.fini5)
 *(.fini4)
 *(.fini4)
 *(.fini3)
 *(.fini3)
 *(.fini2)
 *(.fini2)
 *(.fini1)
 *(.fini1)
 *(.fini0)
 .fini0         0x000027ae        0x4 c:/program files (x86)/atmel/studio/7.0/toolchain/avr8/avr8-gnu-toolchain/bin/../lib/gcc/avr/5.4.0/avr51\libgcc.a(_exit.o)
 *(.fini0)
                0x000027b2                _etext = .

.data           0x00800200        0xc load address 0x000027b2
                0x00800200                PROVIDE (__data_start, .)
 *(.data)
 .data          0x00800200        0x4 c:/program files (x86)/atmel/studio/7.0/toolchain/avr8/avr8-gnu-toolchain/bin/../lib/gcc/avr/5.4.0/../../../../avr/lib/avr51\libc.a(rand.o)
 *(.data*)
 .data.USART_SERIAL_OPTIONS
                0x00800204        0x7 src/Drivers/serial_comms.o
 *(.rodata)
 *(.rodata*)
 *(.gnu.linkonce.d*)
                0x0080020c                . = ALIGN (0x2)
 *fill*         0x0080020b        0x1 
                0x0080020c                _edata = .
                0x0080020c                PROVIDE (__data_end, .)

.bss            0x0080020c      0x880
                0x0080020c                PROVIDE (__bss_start, .)
 *(.bss)
 .bss           0x0080020c        0xb ../src/ASF/thirdparty/wireless/services/common_hw_timer/mega/lib\libmegarfa1_lib_hw_timer.a(common_hw_timer.o)
 *(.bss*)
 .bss.sendTimer
                0x00800217        0xd main.o
 .bss.txMsg     0x00800224       0x11 src/Drivers/moleRF.o
 .bss.cornerMessage
                0x00800235        0x7 src/Drivers/moleRF.o
 .bss.RX_BUF    0x0080023c      0x100 src/Drivers/serial_comms.o
 .bss.rx_buf_read_idx
                0x0080033c        0x1 src/Drivers/serial_comms.o
 .bss.rx_buf_write_idx
                0x0080033d        0x1 src/Drivers/serial_comms.o
 .bss.tc_tccr5_compc_callback
                0x0080033e        0x2 src/ASF/thirdparty/wireless/services/mega/drivers/tc/tc_megarf.o
 .bss.tc_tccr5_compb_callback
                0x00800340        0x2 src/ASF/thirdparty/wireless/services/mega/drivers/tc/tc_megarf.o
 .bss.tc_tccr5_compa_callback
                0x00800342        0x2 src/ASF/thirdparty/wireless/services/mega/drivers/tc/tc_megarf.o
 .bss.tc_tccr5_ovf_callback
                0x00800344        0x2 src/ASF/thirdparty/wireless/services/mega/drivers/tc/tc_megarf.o
 .bss.tc_tccr4_compc_callback
                0x00800346        0x2 src/ASF/thirdparty/wireless/services/mega/drivers/tc/tc_megarf.o
 .bss.tc_tccr4_compb_callback
                0x00800348        0x2 src/ASF/thirdparty/wireless/services/mega/drivers/tc/tc_megarf.o
 .bss.tc_tccr4_compa_callback
                0x0080034a        0x2 src/ASF/thirdparty/wireless/services/mega/drivers/tc/tc_megarf.o
 .bss.tc_tccr4_ovf_callback
                0x0080034c        0x2 src/ASF/thirdparty/wireless/services/mega/drivers/tc/tc_megarf.o
 .bss.tc_tccr3_compc_callback
                0x0080034e        0x2 src/ASF/thirdparty/wireless/services/mega/drivers/tc/tc_megarf.o
 .bss.tc_tccr3_compb_callback
                0x00800350        0x2 src/ASF/thirdparty/wireless/services/mega/drivers/tc/tc_megarf.o
 .bss.tc_tccr3_compa_callback
                0x00800352        0x2 src/ASF/thirdparty/wireless/services/mega/drivers/tc/tc_megarf.o
 .bss.tc_tccr3_ovf_callback
                0x00800354        0x2 src/ASF/thirdparty/wireless/services/mega/drivers/tc/tc_megarf.o
 .bss.tc_tccr1_compc_callback
                0x00800356        0x2 src/ASF/thirdparty/wireless/services/mega/drivers/tc/tc_megarf.o
 .bss.tc_tccr1_compb_callback
                0x00800358        0x2 src/ASF/thirdparty/wireless/services/mega/drivers/tc/tc_megarf.o
 .bss.tc_tccr1_compa_callback
                0x0080035a        0x2 src/ASF/thirdparty/wireless/services/mega/drivers/tc/tc_megarf.o
 .bss.tc_tccr1_ovf_callback
                0x0080035c        0x2 src/ASF/thirdparty/wireless/services/mega/drivers/tc/tc_megarf.o
 .bss.timers    0x0080035e        0x2 src/ASF/thirdparty/wireless/avr2130_lwmesh/source/sys/src/sysTimer.o
 .bss.phyRxState
                0x00800360        0x1 src/ASF/thirdparty/wireless/avr2130_lwmesh/source/phy/atmegarfa1/src/phy.o
 .bss.phyRxBuffer
                0x00800361       0x80 src/ASF/thirdparty/wireless/avr2130_lwmesh/source/phy/atmegarfa1/src/phy.o
 .bss.phyState  0x008003e1        0x1 src/ASF/thirdparty/wireless/avr2130_lwmesh/source/phy/atmegarfa1/src/phy.o
 .bss.nwkDataReqQueue
                0x008003e2        0x2 src/ASF/thirdparty/wireless/avr2130_lwmesh/source/nwk/src/nwkDataReq.o
 .bss.nwkFrameFrames
                0x008003e4      0x55a src/ASF/thirdparty/wireless/avr2130_lwmesh/source/nwk/src/nwkFrame.o
 .bss.nwkRxDuplicateRejectionTimer
                0x0080093e        0xd src/ASF/thirdparty/wireless/avr2130_lwmesh/source/nwk/src/nwkRx.o
 .bss.nwkRxAckControl
                0x0080094b        0x1 src/ASF/thirdparty/wireless/avr2130_lwmesh/source/nwk/src/nwkRx.o
 .bss.nwkRxDuplicateRejectionTable
                0x0080094c       0xfa src/ASF/thirdparty/wireless/avr2130_lwmesh/source/nwk/src/nwkRx.o
 .bss.nwkTxDelayTimer
                0x00800a46        0xd src/ASF/thirdparty/wireless/avr2130_lwmesh/source/nwk/src/nwkTx.o
 .bss.nwkTxAckWaitTimer
                0x00800a53        0xd src/ASF/thirdparty/wireless/avr2130_lwmesh/source/nwk/src/nwkTx.o
 .bss.nwkTxPhyActiveFrame
                0x00800a60        0x2 src/ASF/thirdparty/wireless/avr2130_lwmesh/source/nwk/src/nwkTx.o
 *(COMMON)
 COMMON         0x00800a62        0x1 src/ASF/thirdparty/wireless/avr2130_lwmesh/source/sys/src/sysTimer.o
                0x00800a62                SysTimerIrqCount
 COMMON         0x00800a63       0x28 src/ASF/thirdparty/wireless/avr2130_lwmesh/source/nwk/src/nwk.o
                0x00800a63                nwkIb
 COMMON         0x00800a8b        0x1 ../src/ASF/thirdparty/wireless/services/common_hw_timer/mega/lib\libmegarfa1_lib_hw_timer.a(common_hw_timer.o)
                0x00800a8b                timer_multiplier
                0x00800a8c                PROVIDE (__bss_end, .)
                0x000027b2                __data_load_start = LOADADDR (.data)
                0x000027be                __data_load_end = (__data_load_start + SIZEOF (.data))

.noinit         0x00800a8c        0x0
                [!provide]                PROVIDE (__noinit_start, .)
 *(.noinit*)
                [!provide]                PROVIDE (__noinit_end, .)
                0x00800a8c                _end = .
                [!provide]                PROVIDE (__heap_start, .)

.eeprom         0x00810000        0x0
 *(.eeprom*)
                0x00810000                __eeprom_end = .

.fuse
 *(.fuse)
 *(.lfuse)
 *(.hfuse)
 *(.efuse)

.lock
 *(.lock*)

.signature
 *(.signature*)

.user_signatures
 *(.user_signatures*)

.stab
 *(.stab)

.stabstr
 *(.stabstr)

.stab.excl
 *(.stab.excl)

.stab.exclstr
 *(.stab.exclstr)

.stab.index
 *(.stab.index)

.stab.indexstr
 *(.stab.indexstr)

.comment        0x00000000       0x5f
 *(.comment)
 .comment       0x00000000       0x30 main.o
                                 0x31 (size before relaxing)
 .comment       0x00000030       0x31 src/ASF/common/services/clock/mega/sysclk.o
 .comment       0x00000030       0x31 src/Drivers/moleRF.o
 .comment       0x00000030       0x31 src/Drivers/serial_comms.o
 .comment       0x00000030       0x31 src/ASF/mega/drivers/usart/usart_megarf.o
 .comment       0x00000030       0x31 src/ASF/thirdparty/wireless/services/mega/drivers/tc/tc_megarf.o
 .comment       0x00000030       0x31 src/ASF/thirdparty/wireless/services/sal/atmegarf_sal/src/sal.o
 .comment       0x00000030       0x31 src/ASF/thirdparty/wireless/services/common_hw_timer/mega/hw_timer.o
 .comment       0x00000030       0x31 src/ASF/thirdparty/wireless/avr2130_lwmesh/source/sys/src/sys.o
 .comment       0x00000030       0x31 src/ASF/thirdparty/wireless/avr2130_lwmesh/source/sys/src/sysTimer.o
 .comment       0x00000030       0x31 src/ASF/thirdparty/wireless/avr2130_lwmesh/source/phy/atmegarfa1/src/phy.o
 .comment       0x00000030       0x31 src/ASF/thirdparty/wireless/avr2130_lwmesh/source/nwk/src/nwk.o
 .comment       0x00000030       0x31 src/ASF/thirdparty/wireless/avr2130_lwmesh/source/nwk/src/nwkDataReq.o
 .comment       0x00000030       0x31 src/ASF/thirdparty/wireless/avr2130_lwmesh/source/nwk/src/nwkFrame.o
 .comment       0x00000030       0x31 src/ASF/thirdparty/wireless/avr2130_lwmesh/source/nwk/src/nwkRx.o
 .comment       0x00000030       0x31 src/ASF/thirdparty/wireless/avr2130_lwmesh/source/nwk/src/nwkTx.o
 .comment       0x00000030       0x31 src/ASF/common/boards/user_board/init.o
 .comment       0x00000030       0x2f ../src/ASF/thirdparty/wireless/services/common_hw_timer/mega/lib\libmegarfa1_lib_hw_timer.a(common_hw_timer.o)
                                 0x30 (size before relaxing)
 .comment       0x0000005f       0x31 c:/program files (x86)/atmel/studio/7.0/toolchain/avr8/avr8-gnu-toolchain/bin/../lib/gcc/avr/5.4.0/../../../../avr/lib/avr51\libc.a(rand.o)

.note.gnu.avr.deviceinfo
                0x00000000       0x40
 .note.gnu.avr.deviceinfo
                0x00000000       0x40 C:/Program Files (x86)/Atmel/Studio/7.0/Packs/atmel/ATmega_DFP/1.2.132/gcc/dev/atmega128rfa1/avr51/crtatmega128rfa1.o

.note.gnu.build-id
 *(.note.gnu.build-id)

.debug
 *(.debug)

.line
 *(.line)

.debug_srcinfo
 *(.debug_srcinfo)

.debug_sfnames
 *(.debug_sfnames)

.debug_aranges  0x00000000      0x5a8
 *(.debug_aranges)
 .debug_aranges
                0x00000000       0x30 main.o
 .debug_aranges
                0x00000030       0x30 src/ASF/common/services/clock/mega/sysclk.o
 .debug_aranges
                0x00000060       0x48 src/Drivers/moleRF.o
 .debug_aranges
                0x000000a8       0x48 src/Drivers/serial_comms.o
 .debug_aranges
                0x000000f0       0x50 src/ASF/mega/drivers/usart/usart_megarf.o
 .debug_aranges
                0x00000140       0xc8 src/ASF/thirdparty/wireless/services/mega/drivers/tc/tc_megarf.o
 .debug_aranges
                0x00000208       0x48 src/ASF/thirdparty/wireless/services/sal/atmegarf_sal/src/sal.o
 .debug_aranges
                0x00000250       0x70 src/ASF/thirdparty/wireless/services/common_hw_timer/mega/hw_timer.o
 .debug_aranges
                0x000002c0       0x28 src/ASF/thirdparty/wireless/avr2130_lwmesh/source/sys/src/sys.o
 .debug_aranges
                0x000002e8       0x50 src/ASF/thirdparty/wireless/avr2130_lwmesh/source/sys/src/sysTimer.o
 .debug_aranges
                0x00000338       0xa0 src/ASF/thirdparty/wireless/avr2130_lwmesh/source/phy/atmegarfa1/src/phy.o
 .debug_aranges
                0x000003d8       0x70 src/ASF/thirdparty/wireless/avr2130_lwmesh/source/nwk/src/nwk.o
 .debug_aranges
                0x00000448       0x38 src/ASF/thirdparty/wireless/avr2130_lwmesh/source/nwk/src/nwkDataReq.o
 .debug_aranges
                0x00000480       0x40 src/ASF/thirdparty/wireless/avr2130_lwmesh/source/nwk/src/nwkFrame.o
 .debug_aranges
                0x000004c0       0x48 src/ASF/thirdparty/wireless/avr2130_lwmesh/source/nwk/src/nwkRx.o
 .debug_aranges
                0x00000508       0x60 src/ASF/thirdparty/wireless/avr2130_lwmesh/source/nwk/src/nwkTx.o
 .debug_aranges
                0x00000568       0x20 src/ASF/common/boards/user_board/init.o
 .debug_aranges
                0x00000588       0x20 ../src/ASF/thirdparty/wireless/services/common_hw_timer/mega/lib\libmegarfa1_lib_hw_timer.a(common_hw_timer.o)

.debug_pubnames
 *(.debug_pubnames)

.debug_info     0x00000000     0x8711
 *(.debug_info .gnu.linkonce.wi.*)
 .debug_info    0x00000000     0x1160 C:/Program Files (x86)/Atmel/Studio/7.0/Packs/atmel/ATmega_DFP/1.2.132/gcc/dev/atmega128rfa1/avr51/crtatmega128rfa1.o
 .debug_info    0x00001160      0x980 main.o
 .debug_info    0x00001ae0      0x2b5 src/ASF/common/services/clock/mega/sysclk.o
 .debug_info    0x00001d95      0x9cf src/Drivers/moleRF.o
 .debug_info    0x00002764      0x608 src/Drivers/serial_comms.o
 .debug_info    0x00002d6c      0xb9c src/ASF/mega/drivers/usart/usart_megarf.o
 .debug_info    0x00003908      0x857 src/ASF/thirdparty/wireless/services/mega/drivers/tc/tc_megarf.o
 .debug_info    0x0000415f      0x24b src/ASF/thirdparty/wireless/services/sal/atmegarf_sal/src/sal.o
 .debug_info    0x000043aa      0x734 src/ASF/thirdparty/wireless/services/common_hw_timer/mega/hw_timer.o
 .debug_info    0x00004ade      0x1c1 src/ASF/thirdparty/wireless/avr2130_lwmesh/source/sys/src/sys.o
 .debug_info    0x00004c9f      0x459 src/ASF/thirdparty/wireless/avr2130_lwmesh/source/sys/src/sysTimer.o
 .debug_info    0x000050f8      0xa21 src/ASF/thirdparty/wireless/avr2130_lwmesh/source/phy/atmegarfa1/src/phy.o
 .debug_info    0x00005b19      0x4bc src/ASF/thirdparty/wireless/avr2130_lwmesh/source/nwk/src/nwk.o
 .debug_info    0x00005fd5      0x789 src/ASF/thirdparty/wireless/avr2130_lwmesh/source/nwk/src/nwkDataReq.o
 .debug_info    0x0000675e      0x576 src/ASF/thirdparty/wireless/avr2130_lwmesh/source/nwk/src/nwkFrame.o
 .debug_info    0x00006cd4      0xbc5 src/ASF/thirdparty/wireless/avr2130_lwmesh/source/nwk/src/nwkRx.o
 .debug_info    0x00007899      0x9de src/ASF/thirdparty/wireless/avr2130_lwmesh/source/nwk/src/nwkTx.o
 .debug_info    0x00008277      0x107 src/ASF/common/boards/user_board/init.o
 .debug_info    0x0000837e      0x393 ../src/ASF/thirdparty/wireless/services/common_hw_timer/mega/lib\libmegarfa1_lib_hw_timer.a(common_hw_timer.o)

.debug_abbrev   0x00000000     0x35c5
 *(.debug_abbrev)
 .debug_abbrev  0x00000000     0x1072 C:/Program Files (x86)/Atmel/Studio/7.0/Packs/atmel/ATmega_DFP/1.2.132/gcc/dev/atmega128rfa1/avr51/crtatmega128rfa1.o
 .debug_abbrev  0x00001072      0x279 main.o
 .debug_abbrev  0x000012eb      0x1a6 src/ASF/common/services/clock/mega/sysclk.o
 .debug_abbrev  0x00001491      0x28c src/Drivers/moleRF.o
 .debug_abbrev  0x0000171d      0x245 src/Drivers/serial_comms.o
 .debug_abbrev  0x00001962      0x345 src/ASF/mega/drivers/usart/usart_megarf.o
 .debug_abbrev  0x00001ca7      0x20b src/ASF/thirdparty/wireless/services/mega/drivers/tc/tc_megarf.o
 .debug_abbrev  0x00001eb2      0x146 src/ASF/thirdparty/wireless/services/sal/atmegarf_sal/src/sal.o
 .debug_abbrev  0x00001ff8      0x21b src/ASF/thirdparty/wireless/services/common_hw_timer/mega/hw_timer.o
 .debug_abbrev  0x00002213       0x9b src/ASF/thirdparty/wireless/avr2130_lwmesh/source/sys/src/sys.o
 .debug_abbrev  0x000022ae      0x211 src/ASF/thirdparty/wireless/avr2130_lwmesh/source/sys/src/sysTimer.o
 .debug_abbrev  0x000024bf      0x2d1 src/ASF/thirdparty/wireless/avr2130_lwmesh/source/phy/atmegarfa1/src/phy.o
 .debug_abbrev  0x00002790      0x1b8 src/ASF/thirdparty/wireless/avr2130_lwmesh/source/nwk/src/nwk.o
 .debug_abbrev  0x00002948      0x282 src/ASF/thirdparty/wireless/avr2130_lwmesh/source/nwk/src/nwkDataReq.o
 .debug_abbrev  0x00002bca      0x186 src/ASF/thirdparty/wireless/avr2130_lwmesh/source/nwk/src/nwkFrame.o
 .debug_abbrev  0x00002d50      0x38d src/ASF/thirdparty/wireless/avr2130_lwmesh/source/nwk/src/nwkRx.o
 .debug_abbrev  0x000030dd      0x30f src/ASF/thirdparty/wireless/avr2130_lwmesh/source/nwk/src/nwkTx.o
 .debug_abbrev  0x000033ec       0x7c src/ASF/common/boards/user_board/init.o
 .debug_abbrev  0x00003468      0x15d ../src/ASF/thirdparty/wireless/services/common_hw_timer/mega/lib\libmegarfa1_lib_hw_timer.a(common_hw_timer.o)

.debug_line     0x00000000     0x7a79
 *(.debug_line .debug_line.* .debug_line_end)
 .debug_line    0x00000000      0x247 C:/Program Files (x86)/Atmel/Studio/7.0/Packs/atmel/ATmega_DFP/1.2.132/gcc/dev/atmega128rfa1/avr51/crtatmega128rfa1.o
 .debug_line    0x00000247      0x8e1 main.o
 .debug_line    0x00000b28      0x4bc src/ASF/common/services/clock/mega/sysclk.o
 .debug_line    0x00000fe4      0x86a src/Drivers/moleRF.o
 .debug_line    0x0000184e      0x6fb src/Drivers/serial_comms.o
 .debug_line    0x00001f49      0x760 src/ASF/mega/drivers/usart/usart_megarf.o
 .debug_line    0x000026a9      0x91d src/ASF/thirdparty/wireless/services/mega/drivers/tc/tc_megarf.o
 .debug_line    0x00002fc6      0x396 src/ASF/thirdparty/wireless/services/sal/atmegarf_sal/src/sal.o
 .debug_line    0x0000335c      0x643 src/ASF/thirdparty/wireless/services/common_hw_timer/mega/hw_timer.o
 .debug_line    0x0000399f      0x889 src/ASF/thirdparty/wireless/avr2130_lwmesh/source/sys/src/sys.o
 .debug_line    0x00004228      0x63a src/ASF/thirdparty/wireless/avr2130_lwmesh/source/sys/src/sysTimer.o
 .debug_line    0x00004862      0x933 src/ASF/thirdparty/wireless/avr2130_lwmesh/source/phy/atmegarfa1/src/phy.o
 .debug_line    0x00005195      0x635 src/ASF/thirdparty/wireless/avr2130_lwmesh/source/nwk/src/nwk.o
 .debug_line    0x000057ca      0x5aa src/ASF/thirdparty/wireless/avr2130_lwmesh/source/nwk/src/nwkDataReq.o
 .debug_line    0x00005d74      0x53f src/ASF/thirdparty/wireless/avr2130_lwmesh/source/nwk/src/nwkFrame.o
 .debug_line    0x000062b3      0x80f src/ASF/thirdparty/wireless/avr2130_lwmesh/source/nwk/src/nwkRx.o
 .debug_line    0x00006ac2      0x824 src/ASF/thirdparty/wireless/avr2130_lwmesh/source/nwk/src/nwkTx.o
 .debug_line    0x000072e6      0x65c src/ASF/common/boards/user_board/init.o
 .debug_line    0x00007942      0x137 ../src/ASF/thirdparty/wireless/services/common_hw_timer/mega/lib\libmegarfa1_lib_hw_timer.a(common_hw_timer.o)

.debug_frame    0x00000000     0x1228
 *(.debug_frame)
 .debug_frame   0x00000000       0x44 main.o
 .debug_frame   0x00000044       0x74 src/ASF/common/services/clock/mega/sysclk.o
 .debug_frame   0x000000b8       0xe0 src/Drivers/moleRF.o
 .debug_frame   0x00000198       0x74 src/Drivers/serial_comms.o
 .debug_frame   0x0000020c      0x130 src/ASF/mega/drivers/usart/usart_megarf.o
 .debug_frame   0x0000033c      0x624 src/ASF/thirdparty/wireless/services/mega/drivers/tc/tc_megarf.o
 .debug_frame   0x00000960       0x90 src/ASF/thirdparty/wireless/services/sal/atmegarf_sal/src/sal.o
 .debug_frame   0x000009f0       0xe0 src/ASF/thirdparty/wireless/services/common_hw_timer/mega/hw_timer.o
 .debug_frame   0x00000ad0       0x34 src/ASF/thirdparty/wireless/avr2130_lwmesh/source/sys/src/sys.o
 .debug_frame   0x00000b04       0xe0 src/ASF/thirdparty/wireless/avr2130_lwmesh/source/sys/src/sysTimer.o
 .debug_frame   0x00000be4      0x19c src/ASF/thirdparty/wireless/avr2130_lwmesh/source/phy/atmegarfa1/src/phy.o
 .debug_frame   0x00000d80       0xd4 src/ASF/thirdparty/wireless/avr2130_lwmesh/source/nwk/src/nwk.o
 .debug_frame   0x00000e54       0x68 src/ASF/thirdparty/wireless/avr2130_lwmesh/source/nwk/src/nwkDataReq.o
 .debug_frame   0x00000ebc       0x64 src/ASF/thirdparty/wireless/avr2130_lwmesh/source/nwk/src/nwkFrame.o
 .debug_frame   0x00000f20       0xe0 src/ASF/thirdparty/wireless/avr2130_lwmesh/source/nwk/src/nwkRx.o
 .debug_frame   0x00001000      0x144 src/ASF/thirdparty/wireless/avr2130_lwmesh/source/nwk/src/nwkTx.o
 .debug_frame   0x00001144       0x24 src/ASF/common/boards/user_board/init.o
 .debug_frame   0x00001168       0xc0 ../src/ASF/thirdparty/wireless/services/common_hw_timer/mega/lib\libmegarfa1_lib_hw_timer.a(common_hw_timer.o)

.debug_str      0x00000000    0x1c9d1
 *(.debug_str)
 .debug_str     0x00000000      0x6de C:/Program Files (x86)/Atmel/Studio/7.0/Packs/atmel/ATmega_DFP/1.2.132/gcc/dev/atmega128rfa1/avr51/crtatmega128rfa1.o
 .debug_str     0x000006de    0x18cdb main.o
                              0x18f91 (size before relaxing)
 .debug_str     0x000193b9       0xc9 src/ASF/common/services/clock/mega/sysclk.o
                              0x1791a (size before relaxing)
 .debug_str     0x00019482      0x28c src/Drivers/moleRF.o
                              0x188b1 (size before relaxing)
 .debug_str     0x0001970e      0x36d src/Drivers/serial_comms.o
                              0x18b11 (size before relaxing)
 .debug_str     0x00019a7b      0x25c src/ASF/mega/drivers/usart/usart_megarf.o
                              0x18635 (size before relaxing)
 .debug_str     0x00019cd7      0x368 src/ASF/thirdparty/wireless/services/mega/drivers/tc/tc_megarf.o
                              0x17c87 (size before relaxing)
 .debug_str     0x0001a03f      0x4a4 src/ASF/thirdparty/wireless/services/sal/atmegarf_sal/src/sal.o
                               0x3ac4 (size before relaxing)
 .debug_str     0x0001a4e3      0x3f0 src/ASF/thirdparty/wireless/services/common_hw_timer/mega/hw_timer.o
                              0x17d71 (size before relaxing)
 .debug_str     0x0001a8d3       0x98 src/ASF/thirdparty/wireless/avr2130_lwmesh/source/sys/src/sys.o
                              0x18b78 (size before relaxing)
 .debug_str     0x0001a96b       0xe4 src/ASF/thirdparty/wireless/avr2130_lwmesh/source/sys/src/sysTimer.o
                              0x16e86 (size before relaxing)
 .debug_str     0x0001aa4f     0x1431 src/ASF/thirdparty/wireless/avr2130_lwmesh/source/phy/atmegarfa1/src/phy.o
                              0x191bf (size before relaxing)
 .debug_str     0x0001be80      0x144 src/ASF/thirdparty/wireless/avr2130_lwmesh/source/nwk/src/nwk.o
                              0x17412 (size before relaxing)
 .debug_str     0x0001bfc4      0x219 src/ASF/thirdparty/wireless/avr2130_lwmesh/source/nwk/src/nwkDataReq.o
                              0x175df (size before relaxing)
 .debug_str     0x0001c1dd       0x8d src/ASF/thirdparty/wireless/avr2130_lwmesh/source/nwk/src/nwkFrame.o
                              0x17472 (size before relaxing)
 .debug_str     0x0001c26a      0x3e8 src/ASF/thirdparty/wireless/avr2130_lwmesh/source/nwk/src/nwkRx.o
                              0x178d6 (size before relaxing)
 .debug_str     0x0001c652      0x1e1 src/ASF/thirdparty/wireless/avr2130_lwmesh/source/nwk/src/nwkTx.o
                              0x17822 (size before relaxing)
 .debug_str     0x0001c833       0x2b src/ASF/common/boards/user_board/init.o
                              0x185bd (size before relaxing)
 .debug_str     0x0001c85e      0x173 ../src/ASF/thirdparty/wireless/services/common_hw_timer/mega/lib\libmegarfa1_lib_hw_timer.a(common_hw_timer.o)
                                0x32d (size before relaxing)

.debug_loc      0x00000000     0x48ed
 *(.debug_loc)
 .debug_loc     0x00000000      0x238 main.o
 .debug_loc     0x00000238      0x1f2 src/ASF/common/services/clock/mega/sysclk.o
 .debug_loc     0x0000042a      0x4d8 src/Drivers/moleRF.o
 .debug_loc     0x00000902      0x196 src/Drivers/serial_comms.o
 .debug_loc     0x00000a98      0xc0e src/ASF/mega/drivers/usart/usart_megarf.o
 .debug_loc     0x000016a6     0x131a src/ASF/thirdparty/wireless/services/mega/drivers/tc/tc_megarf.o
 .debug_loc     0x000029c0      0x340 src/ASF/thirdparty/wireless/services/sal/atmegarf_sal/src/sal.o
 .debug_loc     0x00002d00      0x1ec src/ASF/thirdparty/wireless/services/common_hw_timer/mega/hw_timer.o
 .debug_loc     0x00002eec      0x442 src/ASF/thirdparty/wireless/avr2130_lwmesh/source/sys/src/sysTimer.o
 .debug_loc     0x0000332e      0x550 src/ASF/thirdparty/wireless/avr2130_lwmesh/source/phy/atmegarfa1/src/phy.o
 .debug_loc     0x0000387e      0x14d src/ASF/thirdparty/wireless/avr2130_lwmesh/source/nwk/src/nwk.o
 .debug_loc     0x000039cb      0x137 src/ASF/thirdparty/wireless/avr2130_lwmesh/source/nwk/src/nwkDataReq.o
 .debug_loc     0x00003b02       0xe2 src/ASF/thirdparty/wireless/avr2130_lwmesh/source/nwk/src/nwkFrame.o
 .debug_loc     0x00003be4      0x4cd src/ASF/thirdparty/wireless/avr2130_lwmesh/source/nwk/src/nwkRx.o
 .debug_loc     0x000040b1      0x692 src/ASF/thirdparty/wireless/avr2130_lwmesh/source/nwk/src/nwkTx.o
 .debug_loc     0x00004743      0x1aa ../src/ASF/thirdparty/wireless/services/common_hw_timer/mega/lib\libmegarfa1_lib_hw_timer.a(common_hw_timer.o)

.debug_macinfo
 *(.debug_macinfo)

.debug_weaknames
 *(.debug_weaknames)

.debug_funcnames
 *(.debug_funcnames)

.debug_typenames
 *(.debug_typenames)

.debug_varnames
 *(.debug_varnames)

.debug_pubtypes
 *(.debug_pubtypes)

.debug_ranges   0x00000000      0x600
 *(.debug_ranges)
 .debug_ranges  0x00000000       0x20 main.o
 .debug_ranges  0x00000020       0x20 src/ASF/common/services/clock/mega/sysclk.o
 .debug_ranges  0x00000040       0xa0 src/Drivers/moleRF.o
 .debug_ranges  0x000000e0       0x38 src/Drivers/serial_comms.o
 .debug_ranges  0x00000118       0x78 src/ASF/mega/drivers/usart/usart_megarf.o
 .debug_ranges  0x00000190       0xb8 src/ASF/thirdparty/wireless/services/mega/drivers/tc/tc_megarf.o
 .debug_ranges  0x00000248       0x38 src/ASF/thirdparty/wireless/services/sal/atmegarf_sal/src/sal.o
 .debug_ranges  0x00000280       0x60 src/ASF/thirdparty/wireless/services/common_hw_timer/mega/hw_timer.o
 .debug_ranges  0x000002e0       0x18 src/ASF/thirdparty/wireless/avr2130_lwmesh/source/sys/src/sys.o
 .debug_ranges  0x000002f8       0x78 src/ASF/thirdparty/wireless/avr2130_lwmesh/source/sys/src/sysTimer.o
 .debug_ranges  0x00000370       0x90 src/ASF/thirdparty/wireless/avr2130_lwmesh/source/phy/atmegarfa1/src/phy.o
 .debug_ranges  0x00000400       0x60 src/ASF/thirdparty/wireless/avr2130_lwmesh/source/nwk/src/nwk.o
 .debug_ranges  0x00000460       0x28 src/ASF/thirdparty/wireless/avr2130_lwmesh/source/nwk/src/nwkDataReq.o
 .debug_ranges  0x00000488       0x30 src/ASF/thirdparty/wireless/avr2130_lwmesh/source/nwk/src/nwkFrame.o
 .debug_ranges  0x000004b8       0xd0 src/ASF/thirdparty/wireless/avr2130_lwmesh/source/nwk/src/nwkRx.o
 .debug_ranges  0x00000588       0x68 src/ASF/thirdparty/wireless/avr2130_lwmesh/source/nwk/src/nwkTx.o
 .debug_ranges  0x000005f0       0x10 src/ASF/common/boards/user_board/init.o

.debug_macro    0x00000000     0x8d4f
 *(.debug_macro)
 .debug_macro   0x00000000      0x2a7 main.o
 .debug_macro   0x000002a7      0xa72 main.o
 .debug_macro   0x00000d19       0x10 main.o
 .debug_macro   0x00000d29      0x1c9 main.o
 .debug_macro   0x00000ef2      0x2fc main.o
 .debug_macro   0x000011ee       0x9e main.o
 .debug_macro   0x0000128c     0x3aaf main.o
 .debug_macro   0x00004d3b       0x9a main.o
 .debug_macro   0x00004dd5       0x81 main.o
 .debug_macro   0x00004e56       0x34 main.o
 .debug_macro   0x00004e8a       0x18 main.o
 .debug_macro   0x00004ea2       0x6c main.o
 .debug_macro   0x00004f0e       0x22 main.o
 .debug_macro   0x00004f30      0x16d main.o
 .debug_macro   0x0000509d       0x1c main.o
 .debug_macro   0x000050b9       0x35 main.o
 .debug_macro   0x000050ee       0x66 main.o
 .debug_macro   0x00005154      0x64b main.o
 .debug_macro   0x0000579f       0x44 main.o
 .debug_macro   0x000057e3       0x69 main.o
 .debug_macro   0x0000584c       0x32 main.o
 .debug_macro   0x0000587e       0x10 main.o
 .debug_macro   0x0000588e      0x175 main.o
 .debug_macro   0x00005a03       0x40 main.o
 .debug_macro   0x00005a43      0x100 main.o
 .debug_macro   0x00005b43       0x22 main.o
 .debug_macro   0x00005b65       0x3a main.o
 .debug_macro   0x00005b9f      0x2c6 main.o
 .debug_macro   0x00005e65       0xd5 main.o
 .debug_macro   0x00005f3a       0x28 main.o
 .debug_macro   0x00005f62       0x23 main.o
 .debug_macro   0x00005f85       0x6e main.o
 .debug_macro   0x00005ff3       0x40 main.o
 .debug_macro   0x00006033       0x16 main.o
 .debug_macro   0x00006049      0x1d0 main.o
 .debug_macro   0x00006219       0x16 main.o
 .debug_macro   0x0000622f       0x16 main.o
 .debug_macro   0x00006245       0x82 main.o
 .debug_macro   0x000062c7       0x10 main.o
 .debug_macro   0x000062d7       0x10 main.o
 .debug_macro   0x000062e7       0x1c main.o
 .debug_macro   0x00006303       0x1c main.o
 .debug_macro   0x0000631f       0x1c main.o
 .debug_macro   0x0000633b       0x10 main.o
 .debug_macro   0x0000634b       0x2e main.o
 .debug_macro   0x00006379      0x15b src/ASF/common/services/clock/mega/sysclk.o
 .debug_macro   0x000064d4      0x242 src/Drivers/moleRF.o
 .debug_macro   0x00006716       0x97 src/Drivers/moleRF.o
 .debug_macro   0x000067ad       0x16 src/Drivers/moleRF.o
 .debug_macro   0x000067c3       0xf6 src/Drivers/moleRF.o
 .debug_macro   0x000068b9       0x5a src/Drivers/moleRF.o
 .debug_macro   0x00006913      0x1f7 src/Drivers/serial_comms.o
 .debug_macro   0x00006b0a       0x28 src/Drivers/serial_comms.o
 .debug_macro   0x00006b32      0x182 src/ASF/mega/drivers/usart/usart_megarf.o
 .debug_macro   0x00006cb4      0x302 src/ASF/mega/drivers/usart/usart_megarf.o
 .debug_macro   0x00006fb6      0x1ca src/ASF/mega/drivers/usart/usart_megarf.o
 .debug_macro   0x00007180      0x168 src/ASF/thirdparty/wireless/services/mega/drivers/tc/tc_megarf.o
 .debug_macro   0x000072e8      0x102 src/ASF/thirdparty/wireless/services/sal/atmegarf_sal/src/sal.o
 .debug_macro   0x000073ea       0x28 src/ASF/thirdparty/wireless/services/sal/atmegarf_sal/src/sal.o
 .debug_macro   0x00007412       0x16 src/ASF/thirdparty/wireless/services/sal/atmegarf_sal/src/sal.o
 .debug_macro   0x00007428       0x23 src/ASF/thirdparty/wireless/services/sal/atmegarf_sal/src/sal.o
 .debug_macro   0x0000744b      0x190 src/ASF/thirdparty/wireless/services/common_hw_timer/mega/hw_timer.o
 .debug_macro   0x000075db       0x10 src/ASF/thirdparty/wireless/services/common_hw_timer/mega/hw_timer.o
 .debug_macro   0x000075eb       0x10 src/ASF/thirdparty/wireless/services/common_hw_timer/mega/hw_timer.o
 .debug_macro   0x000075fb      0x295 src/ASF/thirdparty/wireless/avr2130_lwmesh/source/sys/src/sys.o
 .debug_macro   0x00007890       0x16 src/ASF/thirdparty/wireless/avr2130_lwmesh/source/sys/src/sys.o
 .debug_macro   0x000078a6       0x17 src/ASF/thirdparty/wireless/avr2130_lwmesh/source/sys/src/sys.o
 .debug_macro   0x000078bd       0x28 src/ASF/thirdparty/wireless/avr2130_lwmesh/source/sys/src/sys.o
 .debug_macro   0x000078e5      0x13d src/ASF/thirdparty/wireless/avr2130_lwmesh/source/sys/src/sysTimer.o
 .debug_macro   0x00007a22      0x10e src/ASF/thirdparty/wireless/avr2130_lwmesh/source/sys/src/sysTimer.o
 .debug_macro   0x00007b30       0x86 src/ASF/thirdparty/wireless/avr2130_lwmesh/source/sys/src/sysTimer.o
 .debug_macro   0x00007bb6      0x1b8 src/ASF/thirdparty/wireless/avr2130_lwmesh/source/phy/atmegarfa1/src/phy.o
 .debug_macro   0x00007d6e      0x2c0 src/ASF/thirdparty/wireless/avr2130_lwmesh/source/phy/atmegarfa1/src/phy.o
 .debug_macro   0x0000802e      0x231 src/ASF/thirdparty/wireless/avr2130_lwmesh/source/phy/atmegarfa1/src/phy.o
 .debug_macro   0x0000825f      0x1c0 src/ASF/thirdparty/wireless/avr2130_lwmesh/source/nwk/src/nwk.o
 .debug_macro   0x0000841f       0x20 src/ASF/thirdparty/wireless/avr2130_lwmesh/source/nwk/src/nwk.o
 .debug_macro   0x0000843f       0x16 src/ASF/thirdparty/wireless/avr2130_lwmesh/source/nwk/src/nwk.o
 .debug_macro   0x00008455      0x1ab src/ASF/thirdparty/wireless/avr2130_lwmesh/source/nwk/src/nwkDataReq.o
 .debug_macro   0x00008600      0x199 src/ASF/thirdparty/wireless/avr2130_lwmesh/source/nwk/src/nwkFrame.o
 .debug_macro   0x00008799      0x1eb src/ASF/thirdparty/wireless/avr2130_lwmesh/source/nwk/src/nwkRx.o
 .debug_macro   0x00008984      0x1d9 src/ASF/thirdparty/wireless/avr2130_lwmesh/source/nwk/src/nwkTx.o
 .debug_macro   0x00008b5d      0x1f2 src/ASF/common/boards/user_board/init.o
OUTPUT(CornerMole.elf elf32-avr)
LOAD linker stubs
