Archive member included to satisfy reference by file (symbol)

../src/ASF/thirdparty/wireless/services/common_hw_timer/mega/lib\libmegarfa1_lib_hw_timer.a(common_hw_timer.o)
                              src/ASF/thirdparty/wireless/avr2130_lwmesh/source/sys/src/sysTimer.o (common_tc_delay)
c:/program files (x86)/atmel/studio/7.0/toolchain/avr8/avr8-gnu-toolchain/bin/../lib/gcc/avr/5.4.0/avr51\libgcc.a(_udivmodhi4.o)
                              ../src/ASF/thirdparty/wireless/services/common_hw_timer/mega/lib\libmegarfa1_lib_hw_timer.a(common_hw_timer.o) (__udivmodhi4)
c:/program files (x86)/atmel/studio/7.0/toolchain/avr8/avr8-gnu-toolchain/bin/../lib/gcc/avr/5.4.0/avr51\libgcc.a(_exit.o)
                              C:/Program Files (x86)/Atmel/Studio/7.0/Packs/atmel/ATmega_DFP/1.2.150/gcc/dev/atmega128rfa1/avr51/crtatmega128rfa1.o (exit)
c:/program files (x86)/atmel/studio/7.0/toolchain/avr8/avr8-gnu-toolchain/bin/../lib/gcc/avr/5.4.0/avr51\libgcc.a(_copy_data.o)
                              src/ASF/thirdparty/wireless/services/sal/atmegarf_sal/src/sal.o (__do_copy_data)
c:/program files (x86)/atmel/studio/7.0/toolchain/avr8/avr8-gnu-toolchain/bin/../lib/gcc/avr/5.4.0/avr51\libgcc.a(_clear_bss.o)
                              src/ASF/thirdparty/wireless/services/mega/drivers/tc/tc_megarf.o (__do_clear_bss)
c:/program files (x86)/atmel/studio/7.0/toolchain/avr8/avr8-gnu-toolchain/bin/../lib/gcc/avr/5.4.0/avr51\libgcc.a(_umulhisi3.o)
                              ../src/ASF/thirdparty/wireless/services/common_hw_timer/mega/lib\libmegarfa1_lib_hw_timer.a(common_hw_timer.o) (__umulhisi3)
c:/program files (x86)/atmel/studio/7.0/toolchain/avr8/avr8-gnu-toolchain/bin/../lib/gcc/avr/5.4.0/../../../../avr/lib/avr51\libc.a(rand.o)
                              src/ASF/thirdparty/wireless/avr2130_lwmesh/source/nwk/src/nwkTx.o (rand)
c:/program files (x86)/atmel/studio/7.0/toolchain/avr8/avr8-gnu-toolchain/bin/../lib/gcc/avr/5.4.0/../../../../avr/lib/avr51\libc.a(memcpy.o)
                              src/ASF/thirdparty/wireless/avr2130_lwmesh/source/nwk/src/nwkDataReq.o (memcpy)
c:/program files (x86)/atmel/studio/7.0/toolchain/avr8/avr8-gnu-toolchain/bin/../lib/gcc/avr/5.4.0/avr51\libgcc.a(_divmodsi4.o)
                              c:/program files (x86)/atmel/studio/7.0/toolchain/avr8/avr8-gnu-toolchain/bin/../lib/gcc/avr/5.4.0/../../../../avr/lib/avr51\libc.a(rand.o) (__divmodsi4)
c:/program files (x86)/atmel/studio/7.0/toolchain/avr8/avr8-gnu-toolchain/bin/../lib/gcc/avr/5.4.0/avr51\libgcc.a(_negsi2.o)
                              c:/program files (x86)/atmel/studio/7.0/toolchain/avr8/avr8-gnu-toolchain/bin/../lib/gcc/avr/5.4.0/avr51\libgcc.a(_divmodsi4.o) (__negsi2)
c:/program files (x86)/atmel/studio/7.0/toolchain/avr8/avr8-gnu-toolchain/bin/../lib/gcc/avr/5.4.0/avr51\libgcc.a(_muluhisi3.o)
                              c:/program files (x86)/atmel/studio/7.0/toolchain/avr8/avr8-gnu-toolchain/bin/../lib/gcc/avr/5.4.0/../../../../avr/lib/avr51\libc.a(rand.o) (__muluhisi3)
c:/program files (x86)/atmel/studio/7.0/toolchain/avr8/avr8-gnu-toolchain/bin/../lib/gcc/avr/5.4.0/avr51\libgcc.a(_mulshisi3.o)
                              c:/program files (x86)/atmel/studio/7.0/toolchain/avr8/avr8-gnu-toolchain/bin/../lib/gcc/avr/5.4.0/../../../../avr/lib/avr51\libc.a(rand.o) (__mulohisi3)
c:/program files (x86)/atmel/studio/7.0/toolchain/avr8/avr8-gnu-toolchain/bin/../lib/gcc/avr/5.4.0/avr51\libgcc.a(_udivmodsi4.o)
                              c:/program files (x86)/atmel/studio/7.0/toolchain/avr8/avr8-gnu-toolchain/bin/../lib/gcc/avr/5.4.0/avr51\libgcc.a(_divmodsi4.o) (__udivmodsi4)

Allocating common symbols
Common symbol       size              file

timer_multiplier    0x1               ../src/ASF/thirdparty/wireless/services/common_hw_timer/mega/lib\libmegarfa1_lib_hw_timer.a(common_hw_timer.o)
nwkIb               0x38              src/ASF/thirdparty/wireless/avr2130_lwmesh/source/nwk/src/nwk.o
SysTimerIrqCount    0x1               src/ASF/thirdparty/wireless/avr2130_lwmesh/source/sys/src/sysTimer.o

Discarded input sections

 .data          0x00000000        0x0 C:/Program Files (x86)/Atmel/Studio/7.0/Packs/atmel/ATmega_DFP/1.2.150/gcc/dev/atmega128rfa1/avr51/crtatmega128rfa1.o
 .bss           0x00000000        0x0 C:/Program Files (x86)/Atmel/Studio/7.0/Packs/atmel/ATmega_DFP/1.2.150/gcc/dev/atmega128rfa1/avr51/crtatmega128rfa1.o
 .group         0x00000000        0x8 main.o
 .group         0x00000000        0x8 main.o
 .group         0x00000000        0x8 main.o
 .group         0x00000000        0x8 main.o
 .group         0x00000000        0x8 main.o
 .group         0x00000000        0x8 main.o
 .group         0x00000000        0x8 main.o
 .group         0x00000000        0x8 main.o
 .group         0x00000000        0x8 main.o
 .group         0x00000000        0x8 main.o
 .group         0x00000000        0x8 main.o
 .group         0x00000000        0x8 main.o
 .group         0x00000000        0x8 main.o
[...]
Memory Configuration

Name             Origin             Length             Attributes
text             0x00000000         0x00020000         xr
data             0x00800100         0x0000ff00         rw !x
eeprom           0x00810000         0x00010000         rw !x
fuse             0x00820000         0x00000003         rw !x
lock             0x00830000         0x00000400         rw !x
signature        0x00840000         0x00000400         rw !x
user_signatures  0x00850000         0x00000400         rw !x
*default*        0x00000000         0xffffffff

Linker script and memory map

Address of section .data set to 0x800200
LOAD C:/Program Files (x86)/Atmel/Studio/7.0/Packs/atmel/ATmega_DFP/1.2.150/gcc/dev/atmega128rfa1/avr51/crtatmega128rfa1.o
LOAD main.o
LOAD src/ASF/common/services/clock/mega/sysclk.o
LOAD src/ASF/thirdparty/wireless/services/mega/drivers/tc/tc_megarf.o
LOAD src/ASF/thirdparty/wireless/services/sal/atmegarf_sal/src/sal.o
LOAD src/ASF/thirdparty/wireless/services/common_hw_timer/mega/hw_timer.o
LOAD src/ASF/thirdparty/wireless/avr2130_lwmesh/source/sys/src/sys.o
LOAD src/ASF/thirdparty/wireless/avr2130_lwmesh/source/sys/src/sysEncrypt.o
LOAD src/ASF/thirdparty/wireless/avr2130_lwmesh/source/sys/src/sysTimer.o
LOAD src/ASF/thirdparty/wireless/avr2130_lwmesh/source/phy/atmegarfa1/src/phy.o
LOAD src/ASF/thirdparty/wireless/avr2130_lwmesh/source/nwk/src/nwk.o
LOAD src/ASF/thirdparty/wireless/avr2130_lwmesh/source/nwk/src/nwkDataReq.o
LOAD src/ASF/thirdparty/wireless/avr2130_lwmesh/source/nwk/src/nwkFrame.o
LOAD src/ASF/thirdparty/wireless/avr2130_lwmesh/source/nwk/src/nwkGroup.o
LOAD src/ASF/thirdparty/wireless/avr2130_lwmesh/source/nwk/src/nwkRoute.o
LOAD src/ASF/thirdparty/wireless/avr2130_lwmesh/source/nwk/src/nwkRouteDiscovery.o
LOAD src/ASF/thirdparty/wireless/avr2130_lwmesh/source/nwk/src/nwkRx.o
LOAD src/ASF/thirdparty/wireless/avr2130_lwmesh/source/nwk/src/nwkSecurity.o
LOAD src/ASF/thirdparty/wireless/avr2130_lwmesh/source/nwk/src/nwkTx.o
LOAD src/ASF/common/boards/user_board/init.o
START GROUP
LOAD ../src/ASF/thirdparty/wireless/services/common_hw_timer/mega/lib\libmegarfa1_lib_hw_timer.a
LOAD c:/program files (x86)/atmel/studio/7.0/toolchain/avr8/avr8-gnu-toolchain/bin/../lib/gcc/avr/5.4.0/../../../../avr/lib/avr51\libm.a
END GROUP
START GROUP
LOAD c:/program files (x86)/atmel/studio/7.0/toolchain/avr8/avr8-gnu-toolchain/bin/../lib/gcc/avr/5.4.0/avr51\libgcc.a
LOAD c:/program files (x86)/atmel/studio/7.0/toolchain/avr8/avr8-gnu-toolchain/bin/../lib/gcc/avr/5.4.0/../../../../avr/lib/avr51\libm.a
LOAD c:/program files (x86)/atmel/studio/7.0/toolchain/avr8/avr8-gnu-toolchain/bin/../lib/gcc/avr/5.4.0/../../../../avr/lib/avr51\libc.a
LOAD C:/Program Files (x86)/Atmel/Studio/7.0/Packs/atmel/ATmega_DFP/1.2.150/gcc/dev/atmega128rfa1/avr51\libatmega128rfa1.a
END GROUP
                0x00020000                __TEXT_REGION_LENGTH__ = DEFINED (__TEXT_REGION_LENGTH__)?__TEXT_REGION_LENGTH__:0x20000
                0x0000ff00                __DATA_REGION_LENGTH__ = DEFINED (__DATA_REGION_LENGTH__)?__DATA_REGION_LENGTH__:0xff00
                0x00010000                __EEPROM_REGION_LENGTH__ = DEFINED (__EEPROM_REGION_LENGTH__)?__EEPROM_REGION_LENGTH__:0x10000
                [0x00000003]                __FUSE_REGION_LENGTH__ = DEFINED (__FUSE_REGION_LENGTH__)?__FUSE_REGION_LENGTH__:0x400
                0x00000400                __LOCK_REGION_LENGTH__ = DEFINED (__LOCK_REGION_LENGTH__)?__LOCK_REGION_LENGTH__:0x400
                0x00000400                __SIGNATURE_REGION_LENGTH__ = DEFINED (__SIGNATURE_REGION_LENGTH__)?__SIGNATURE_REGION_LENGTH__:0x400
                0x00000400                __USER_SIGNATURE_REGION_LENGTH__ = DEFINED (__USER_SIGNATURE_REGION_LENGTH__)?__USER_SIGNATURE_REGION_LENGTH__:0x400

.hash
 *(.hash)

.dynsym
 *(.dynsym)

.dynstr
 *(.dynstr)

.gnu.version
 *(.gnu.version)

.gnu.version_d
 *(.gnu.version_d)

.gnu.version_r
 *(.gnu.version_r)

.rel.init
 *(.rel.init)

.rela.init
 *(.rela.init)

.rel.text
 *(.rel.text)
 *(.rel.text.*)
 *(.rel.gnu.linkonce.t*)

.rela.text
 *(.rela.text)
 *(.rela.text.*)
 *(.rela.gnu.linkonce.t*)

.rel.fini
 *(.rel.fini)

.rela.fini
 *(.rela.fini)

.rel.rodata
 *(.rel.rodata)
 *(.rel.rodata.*)
 *(.rel.gnu.linkonce.r*)

.rela.rodata
 *(.rela.rodata)
 *(.rela.rodata.*)
 *(.rela.gnu.linkonce.r*)

.rel.data
 *(.rel.data)
 *(.rel.data.*)
 *(.rel.gnu.linkonce.d*)

.rela.data
 *(.rela.data)
 *(.rela.data.*)
 *(.rela.gnu.linkonce.d*)

.rel.ctors
 *(.rel.ctors)

.rela.ctors
 *(.rela.ctors)

.rel.dtors
 *(.rel.dtors)

.rela.dtors
 *(.rela.dtors)

.rel.got
 *(.rel.got)

.rela.got
 *(.rela.got)

.rel.bss
 *(.rel.bss)

.rela.bss
 *(.rela.bss)

.rel.plt
 *(.rel.plt)

.rela.plt
 *(.rela.plt)

.text           0x00000000     0x2c6c
 *(.vectors)
 .vectors       0x00000000      0x120 C:/Program Files (x86)/Atmel/Studio/7.0/Packs/atmel/ATmega_DFP/1.2.150/gcc/dev/atmega128rfa1/avr51/crtatmega128rfa1.o
                0x00000000                __vector_default
                0x00000000                __vectors
 *(.vectors)
 *(.progmem.gcc*)
                0x00000120                . = ALIGN (0x2)
                0x00000120                __trampolines_start = .
 *(.trampolines)
 .trampolines   0x00000120        0x0 linker stubs
 *(.trampolines*)
                0x00000120                __trampolines_end = .
 *libprintf_flt.a:*(.progmem.data)
 *libc.a:*(.progmem.data)
 *(.progmem*)
                0x00000120                . = ALIGN (0x2)
 *(.jumptables)
 *(.jumptables*)
 *(.lowtext)
 *(.lowtext*)
                0x00000120                __ctors_start = .
 *(.ctors)
                0x00000120                __ctors_end = .
                0x00000120                __dtors_start = .
 *(.dtors)
                0x00000120                __dtors_end = .
 SORT(*)(.ctors)
 SORT(*)(.dtors)
 *(.init0)
 .init0         0x00000120        0x0 C:/Program Files (x86)/Atmel/Studio/7.0/Packs/atmel/ATmega_DFP/1.2.150/gcc/dev/atmega128rfa1/avr51/crtatmega128rfa1.o
                0x00000120                __init
 *(.init0)
 *(.init1)
 *(.init1)
 *(.init2)
 .init2         0x00000120        0xc C:/Program Files (x86)/Atmel/Studio/7.0/Packs/atmel/ATmega_DFP/1.2.150/gcc/dev/atmega128rfa1/avr51/crtatmega128rfa1.o
 *(.init2)
 *(.init3)
 *(.init3)
 *(.init4)
 .init4         0x0000012c       0x1a c:/program files (x86)/atmel/studio/7.0/toolchain/avr8/avr8-gnu-toolchain/bin/../lib/gcc/avr/5.4.0/avr51\libgcc.a(_copy_data.o)
                0x0000012c                __do_copy_data
 .init4         0x00000146       0x10 c:/program files (x86)/atmel/studio/7.0/toolchain/avr8/avr8-gnu-toolchain/bin/../lib/gcc/avr/5.4.0/avr51\libgcc.a(_clear_bss.o)
                0x00000146                __do_clear_bss
 *(.init4)
 *(.init5)
 *(.init5)
 *(.init6)
 *(.init6)
 *(.init7)
 *(.init7)
 *(.init8)
 *(.init8)
 *(.init9)
 .init9         0x00000156        0x6 C:/Program Files (x86)/Atmel/Studio/7.0/Packs/atmel/ATmega_DFP/1.2.150/gcc/dev/atmega128rfa1/avr51/crtatmega128rfa1.o
 *(.init9)
 *(.text)
 .text          0x0000015c        0x2 C:/Program Files (x86)/Atmel/Studio/7.0/Packs/atmel/ATmega_DFP/1.2.150/gcc/dev/atmega128rfa1/avr51/crtatmega128rfa1.o
                0x0000015c                __vector_38
                0x0000015c                __vector_22
                0x0000015c                __vector_63
                0x0000015c                __vector_28
                0x0000015c                __vector_67
                0x0000015c                __vector_1
                0x0000015c                __vector_71
                0x0000015c                __vector_62
                0x0000015c                __vector_24
                0x0000015c                __vector_12
                0x0000015c                __vector_55
                0x0000015c                __vector_69
                0x0000015c                __vector_46
                0x0000015c                __bad_interrupt
                0x0000015c                __vector_6
                0x0000015c                __vector_31
                0x0000015c                __vector_39
                0x0000015c                __vector_3
                0x0000015c                __vector_23
                0x0000015c                __vector_68
                0x0000015c                __vector_30
                0x0000015c                __vector_25
                0x0000015c                __vector_61
                0x0000015c                __vector_11
                0x0000015c                __vector_54
                0x0000015c                __vector_13
                0x0000015c                __vector_56
                0x0000015c                __vector_7
                0x0000015c                __vector_41
                0x0000015c                __vector_64
                0x0000015c                __vector_27
                0x0000015c                __vector_5
                0x0000015c                __vector_52
                0x0000015c                __vector_37
                0x0000015c                __vector_4
                0x0000015c                __vector_51
                0x0000015c                __vector_9
                0x0000015c                __vector_2
                0x0000015c                __vector_21
                0x0000015c                __vector_15
                0x0000015c                __vector_66
                0x0000015c                __vector_36
                0x0000015c                __vector_58
                0x0000015c                __vector_70
                0x0000015c                __vector_29
                0x0000015c                __vector_60
                0x0000015c                __vector_40
                0x0000015c                __vector_8
                0x0000015c                __vector_26
                0x0000015c                __vector_14
                0x0000015c                __vector_57
                0x0000015c                __vector_53
                0x0000015c                __vector_10
                0x0000015c                __vector_16
                0x0000015c                __vector_59
                0x0000015c                __vector_65
 .text          0x0000015e      0x1e8 ../src/ASF/thirdparty/wireless/services/common_hw_timer/mega/lib\libmegarfa1_lib_hw_timer.a(common_hw_timer.o)
                0x0000015e                common_tc_read_count
                0x000001aa                common_tc_compare_stop
                0x000001ca                common_tc_overflow_stop
                0x000001d2                common_tc_stop
                0x000001da                common_tc_delay
                0x000002a6                common_tc_init
                0x000002b2                tmr_ovf_callback
                0x00000320                tmr_cca_callback
                0x00000332                set_common_tc_overflow_callback
                0x0000033c                set_common_tc_expiry_callback
                0x00000346                . = ALIGN (0x2)
 *(.text.*)
 .text.__portable_avr_delay_cycles
                0x00000346       0x16 main.o
 .text.appDataInd
                0x0000035c       0x12 main.o
 .text.txConfirm
                0x0000036e       0x18 main.o
                0x0000036e                txConfirm
 .text.main     0x00000386       0x9c main.o
                0x00000386                main
 .text.sysclk_enable_module
                0x00000422       0x30 src/ASF/common/services/clock/mega/sysclk.o
                0x00000422                sysclk_enable_module
 .text.sysclk_disable_module
                0x00000452       0x2e src/ASF/common/services/clock/mega/sysclk.o
                0x00000452                sysclk_disable_module
 .text.__vector_20
                0x00000480       0x5a src/ASF/thirdparty/wireless/services/mega/drivers/tc/tc_megarf.o
                0x00000480                __vector_20
 .text.__vector_17
                0x000004da       0x5a src/ASF/thirdparty/wireless/services/mega/drivers/tc/tc_megarf.o
                0x000004da                __vector_17
 .text.__vector_18
                0x00000534       0x5a src/ASF/thirdparty/wireless/services/mega/drivers/tc/tc_megarf.o
                0x00000534                __vector_18
 .text.__vector_19
                0x0000058e       0x5a src/ASF/thirdparty/wireless/services/mega/drivers/tc/tc_megarf.o
                0x0000058e                __vector_19
 .text.__vector_35
                0x000005e8       0x5a src/ASF/thirdparty/wireless/services/mega/drivers/tc/tc_megarf.o
                0x000005e8                __vector_35
 .text.__vector_32
                0x00000642       0x5a src/ASF/thirdparty/wireless/services/mega/drivers/tc/tc_megarf.o
                0x00000642                __vector_32
 .text.__vector_33
                0x0000069c       0x5a src/ASF/thirdparty/wireless/services/mega/drivers/tc/tc_megarf.o
                0x0000069c                __vector_33
 .text.__vector_34
                0x000006f6       0x5a src/ASF/thirdparty/wireless/services/mega/drivers/tc/tc_megarf.o
                0x000006f6                __vector_34
 .text.__vector_45
                0x00000750       0x5a src/ASF/thirdparty/wireless/services/mega/drivers/tc/tc_megarf.o
                0x00000750                __vector_45
 .text.__vector_42
                0x000007aa       0x5a src/ASF/thirdparty/wireless/services/mega/drivers/tc/tc_megarf.o
                0x000007aa                __vector_42
 .text.__vector_43
                0x00000804       0x5a src/ASF/thirdparty/wireless/services/mega/drivers/tc/tc_megarf.o
                0x00000804                __vector_43
 .text.__vector_44
                0x0000085e       0x5a src/ASF/thirdparty/wireless/services/mega/drivers/tc/tc_megarf.o
                0x0000085e                __vector_44
 .text.__vector_50
                0x000008b8       0x5a src/ASF/thirdparty/wireless/services/mega/drivers/tc/tc_megarf.o
                0x000008b8                __vector_50
 .text.__vector_47
                0x00000912       0x5a src/ASF/thirdparty/wireless/services/mega/drivers/tc/tc_megarf.o
                0x00000912                __vector_47
 .text.__vector_48
                0x0000096c       0x5a src/ASF/thirdparty/wireless/services/mega/drivers/tc/tc_megarf.o
                0x0000096c                __vector_48
 .text.__vector_49
                0x000009c6       0x5a src/ASF/thirdparty/wireless/services/mega/drivers/tc/tc_megarf.o
                0x000009c6                __vector_49
 .text.tc_enable
                0x00000a20       0xd4 src/ASF/thirdparty/wireless/services/mega/drivers/tc/tc_megarf.o
                0x00000a20                tc_enable
 .text.tc_disable
                0x00000af4       0xd4 src/ASF/thirdparty/wireless/services/mega/drivers/tc/tc_megarf.o
                0x00000af4                tc_disable
 .text.tc_set_overflow_interrupt_callback
                0x00000bc8       0x40 src/ASF/thirdparty/wireless/services/mega/drivers/tc/tc_megarf.o
                0x00000bc8                tc_set_overflow_interrupt_callback
 .text.tc_set_compa_interrupt_callback
                0x00000c08       0x40 src/ASF/thirdparty/wireless/services/mega/drivers/tc/tc_megarf.o
                0x00000c08                tc_set_compa_interrupt_callback
 .text.sal_init
                0x00000c48        0x2 src/ASF/thirdparty/wireless/services/sal/atmegarf_sal/src/sal.o
                0x00000c48                sal_init
 .text.sal_aes_exec
                0x00000c4a       0x2c src/ASF/thirdparty/wireless/services/sal/atmegarf_sal/src/sal.o
                0x00000c4a                sal_aes_exec
 .text.sal_aes_setup
                0x00000c76      0x11c src/ASF/thirdparty/wireless/services/sal/atmegarf_sal/src/sal.o
                0x00000c76                sal_aes_setup
 .text.sal_aes_read
                0x00000d92       0x18 src/ASF/thirdparty/wireless/services/sal/atmegarf_sal/src/sal.o
                0x00000d92                sal_aes_read
 .text.tc_ovf_callback
                0x00000daa        0x4 src/ASF/thirdparty/wireless/services/common_hw_timer/mega/hw_timer.o
                0x00000daa                tc_ovf_callback
 .text.tc_cca_callback
                0x00000dae        0x4 src/ASF/thirdparty/wireless/services/common_hw_timer/mega/hw_timer.o
                0x00000dae                tc_cca_callback
 .text.tmr_read_count
                0x00000db2        0xa src/ASF/thirdparty/wireless/services/common_hw_timer/mega/hw_timer.o
                0x00000db2                tmr_read_count
 .text.tmr_disable_cc_interrupt
                0x00000dbc        0xe src/ASF/thirdparty/wireless/services/common_hw_timer/mega/hw_timer.o
                0x00000dbc                tmr_disable_cc_interrupt
 .text.tmr_enable_cc_interrupt
                0x00000dca        0xe src/ASF/thirdparty/wireless/services/common_hw_timer/mega/hw_timer.o
                0x00000dca                tmr_enable_cc_interrupt
 .text.tmr_disable_ovf_interrupt
                0x00000dd8        0xe src/ASF/thirdparty/wireless/services/common_hw_timer/mega/hw_timer.o
                0x00000dd8                tmr_disable_ovf_interrupt
 .text.tmr_stop
                0x00000de6        0x8 src/ASF/thirdparty/wireless/services/common_hw_timer/mega/hw_timer.o
                0x00000de6                tmr_stop
 .text.tmr_write_cmpreg
                0x00000dee       0x16 src/ASF/thirdparty/wireless/services/common_hw_timer/mega/hw_timer.o
                0x00000dee                tmr_write_cmpreg
 .text.save_cpu_interrupt
                0x00000e04       0x1a src/ASF/thirdparty/wireless/services/common_hw_timer/mega/hw_timer.o
                0x00000e04                save_cpu_interrupt
 .text.restore_cpu_interrupt
                0x00000e1e        0x4 src/ASF/thirdparty/wireless/services/common_hw_timer/mega/hw_timer.o
                0x00000e1e                restore_cpu_interrupt
 .text.tmr_init
                0x00000e22       0x40 src/ASF/thirdparty/wireless/services/common_hw_timer/mega/hw_timer.o
                0x00000e22                tmr_init
 .text.SYS_Init
                0x00000e62        0xa src/ASF/thirdparty/wireless/avr2130_lwmesh/source/sys/src/sys.o
                0x00000e62                SYS_Init
 .text.SYS_TaskHandler
                0x00000e6c        0x8 src/ASF/thirdparty/wireless/avr2130_lwmesh/source/sys/src/sys.o
                0x00000e6c                SYS_TaskHandler
 .text.SYS_EncryptReq
                0x00000e74        0x8 src/ASF/thirdparty/wireless/avr2130_lwmesh/source/sys/src/sysEncrypt.o
                0x00000e74                SYS_EncryptReq
 .text.placeTimer
                0x00000e7c       0xc8 src/ASF/thirdparty/wireless/avr2130_lwmesh/source/sys/src/sysTimer.o
 .text.SYS_HwExpiry_Cb
                0x00000f44       0x12 src/ASF/thirdparty/wireless/avr2130_lwmesh/source/sys/src/sysTimer.o
                0x00000f44                SYS_HwExpiry_Cb
 .text.SYS_TimerInit
                0x00000f56       0x1c src/ASF/thirdparty/wireless/avr2130_lwmesh/source/sys/src/sysTimer.o
                0x00000f56                SYS_TimerInit
 .text.SYS_TimerStarted
                0x00000f72       0x34 src/ASF/thirdparty/wireless/avr2130_lwmesh/source/sys/src/sysTimer.o
                0x00000f72                SYS_TimerStarted
 .text.SYS_TimerStart
                0x00000fa6       0x16 src/ASF/thirdparty/wireless/avr2130_lwmesh/source/sys/src/sysTimer.o
                0x00000fa6                SYS_TimerStart
 .text.SYS_TimerTaskHandler
                0x00000fbc       0xda src/ASF/thirdparty/wireless/avr2130_lwmesh/source/sys/src/sysTimer.o
                0x00000fbc                SYS_TimerTaskHandler
 .text.phyTrxSetState
                0x00001096       0x28 src/ASF/thirdparty/wireless/avr2130_lwmesh/source/phy/atmegarfa1/src/phy.o
 .text.phySetRxState
                0x000010be       0x18 src/ASF/thirdparty/wireless/avr2130_lwmesh/source/phy/atmegarfa1/src/phy.o
 .text.PHY_Init
                0x000010d6       0x2a src/ASF/thirdparty/wireless/avr2130_lwmesh/source/phy/atmegarfa1/src/phy.o
                0x000010d6                PHY_Init
 .text.PHY_SetRxState
                0x00001100        0x8 src/ASF/thirdparty/wireless/avr2130_lwmesh/source/phy/atmegarfa1/src/phy.o
                0x00001100                PHY_SetRxState
 .text.PHY_SetChannel
                0x00001108       0x10 src/ASF/thirdparty/wireless/avr2130_lwmesh/source/phy/atmegarfa1/src/phy.o
                0x00001108                PHY_SetChannel
 .text.PHY_SetPanId
                0x00001118       0x22 src/ASF/thirdparty/wireless/avr2130_lwmesh/source/phy/atmegarfa1/src/phy.o
                0x00001118                PHY_SetPanId
 .text.PHY_SetShortAddr
                0x0000113a       0x2c src/ASF/thirdparty/wireless/avr2130_lwmesh/source/phy/atmegarfa1/src/phy.o
                0x0000113a                PHY_SetShortAddr
 .text.PHY_DataReq
                0x00001166       0x50 src/ASF/thirdparty/wireless/avr2130_lwmesh/source/phy/atmegarfa1/src/phy.o
                0x00001166                PHY_DataReq
 .text.PHY_EncryptReq
                0x000011b6       0x1c src/ASF/thirdparty/wireless/avr2130_lwmesh/source/phy/atmegarfa1/src/phy.o
                0x000011b6                PHY_EncryptReq
 .text.PHY_TaskHandler
                0x000011d2       0xf8 src/ASF/thirdparty/wireless/avr2130_lwmesh/source/phy/atmegarfa1/src/phy.o
                0x000011d2                PHY_TaskHandler
 .text.NWK_Init
                0x000012ca       0x36 src/ASF/thirdparty/wireless/avr2130_lwmesh/source/nwk/src/nwk.o
                0x000012ca                NWK_Init
 .text.NWK_SetAddr
                0x00001300        0xc src/ASF/thirdparty/wireless/avr2130_lwmesh/source/nwk/src/nwk.o
                0x00001300                NWK_SetAddr
 .text.NWK_SetPanId
                0x0000130c        0xc src/ASF/thirdparty/wireless/avr2130_lwmesh/source/nwk/src/nwk.o
                0x0000130c                NWK_SetPanId
 .text.NWK_OpenEndpoint
                0x00001318       0x12 src/ASF/thirdparty/wireless/avr2130_lwmesh/source/nwk/src/nwk.o
                0x00001318                NWK_OpenEndpoint
 .text.NWK_TaskHandler
                0x0000132a        0xe src/ASF/thirdparty/wireless/avr2130_lwmesh/source/nwk/src/nwk.o
                0x0000132a                NWK_TaskHandler
 .text.nwkDataReqTxConf
                0x00001338       0x46 src/ASF/thirdparty/wireless/avr2130_lwmesh/source/nwk/src/nwkDataReq.o
 .text.nwkDataReqInit
                0x0000137e        0xa src/ASF/thirdparty/wireless/avr2130_lwmesh/source/nwk/src/nwkDataReq.o
                0x0000137e                nwkDataReqInit
 .text.NWK_DataReq
                0x00001388       0x48 src/ASF/thirdparty/wireless/avr2130_lwmesh/source/nwk/src/nwkDataReq.o
                0x00001388                NWK_DataReq
 .text.nwkDataReqTaskHandler
                0x000013d0      0x158 src/ASF/thirdparty/wireless/avr2130_lwmesh/source/nwk/src/nwkDataReq.o
                0x000013d0                nwkDataReqTaskHandler
 .text.nwkFrameInit
                0x00001528       0x16 src/ASF/thirdparty/wireless/avr2130_lwmesh/source/nwk/src/nwkFrame.o
                0x00001528                nwkFrameInit
 .text.nwkFrameAlloc
                0x0000153e       0x6e src/ASF/thirdparty/wireless/avr2130_lwmesh/source/nwk/src/nwkFrame.o
                0x0000153e                nwkFrameAlloc
 .text.nwkFrameFree
                0x000015ac       0x14 src/ASF/thirdparty/wireless/avr2130_lwmesh/source/nwk/src/nwkFrame.o
                0x000015ac                nwkFrameFree
 .text.nwkFrameNext
                0x000015c0       0x4a src/ASF/thirdparty/wireless/avr2130_lwmesh/source/nwk/src/nwkFrame.o
                0x000015c0                nwkFrameNext
 .text.nwkFrameCommandInit
                0x0000160a       0x28 src/ASF/thirdparty/wireless/avr2130_lwmesh/source/nwk/src/nwkFrame.o
                0x0000160a                nwkFrameCommandInit
 .text.nwkRouteInit
                0x00001632       0x40 src/ASF/thirdparty/wireless/avr2130_lwmesh/source/nwk/src/nwkRoute.o
                0x00001632                nwkRouteInit
 .text.NWK_RouteFindEntry
                0x00001672       0x64 src/ASF/thirdparty/wireless/avr2130_lwmesh/source/nwk/src/nwkRoute.o
                0x00001672                NWK_RouteFindEntry
 .text.NWK_RouteNewEntry
                0x000016d6       0x44 src/ASF/thirdparty/wireless/avr2130_lwmesh/source/nwk/src/nwkRoute.o
                0x000016d6                NWK_RouteNewEntry
 .text.NWK_RouteFreeEntry
                0x0000171a       0x14 src/ASF/thirdparty/wireless/avr2130_lwmesh/source/nwk/src/nwkRoute.o
                0x0000171a                NWK_RouteFreeEntry
 .text.NWK_RouteNextHop
                0x0000172e       0x14 src/ASF/thirdparty/wireless/avr2130_lwmesh/source/nwk/src/nwkRoute.o
                0x0000172e                NWK_RouteNextHop
 .text.nwkRouteUpdateEntry
                0x00001742       0x48 src/ASF/thirdparty/wireless/avr2130_lwmesh/source/nwk/src/nwkRoute.o
                0x00001742                nwkRouteUpdateEntry
 .text.nwkRouteRemove
                0x0000178a        0xa src/ASF/thirdparty/wireless/avr2130_lwmesh/source/nwk/src/nwkRoute.o
                0x0000178a                nwkRouteRemove
 .text.nwkRouteFrameReceived
                0x00001794        0x2 src/ASF/thirdparty/wireless/avr2130_lwmesh/source/nwk/src/nwkRoute.o
                0x00001794                nwkRouteFrameReceived
 .text.nwkRouteFrameSent
                0x00001796       0x8e src/ASF/thirdparty/wireless/avr2130_lwmesh/source/nwk/src/nwkRoute.o
                0x00001796                nwkRouteFrameSent
 .text.nwkRoutePrepareTx
                0x00001824       0x46 src/ASF/thirdparty/wireless/avr2130_lwmesh/source/nwk/src/nwkRoute.o
                0x00001824                nwkRoutePrepareTx
 .text.nwkRouteFrame
                0x0000186a       0x98 src/ASF/thirdparty/wireless/avr2130_lwmesh/source/nwk/src/nwkRoute.o
                0x0000186a                nwkRouteFrame
 .text.nwkRouteErrorReceived
                0x00001902       0x1e src/ASF/thirdparty/wireless/avr2130_lwmesh/source/nwk/src/nwkRoute.o
                0x00001902                nwkRouteErrorReceived
 .text.nwkRouteDiscoveryFindEntry
                0x00001920       0x60 src/ASF/thirdparty/wireless/avr2130_lwmesh/source/nwk/src/nwkRouteDiscovery.o
 .text.nwkRouteDiscoveryNewEntry
                0x00001980       0x62 src/ASF/thirdparty/wireless/avr2130_lwmesh/source/nwk/src/nwkRouteDiscovery.o
 .text.nwkRouteDiscoveryTimerHandler
                0x000019e2       0xf8 src/ASF/thirdparty/wireless/avr2130_lwmesh/source/nwk/src/nwkRouteDiscovery.o
 .text.nwkRouteDiscoverySendRequest
                0x00001ada       0x78 src/ASF/thirdparty/wireless/avr2130_lwmesh/source/nwk/src/nwkRouteDiscovery.o
 .text.nwkRouteDiscoverySendReply
                0x00001b52       0x7e src/ASF/thirdparty/wireless/avr2130_lwmesh/source/nwk/src/nwkRouteDiscovery.o
 .text.nwkRouteDiscoveryInit
                0x00001bd0       0x38 src/ASF/thirdparty/wireless/avr2130_lwmesh/source/nwk/src/nwkRouteDiscovery.o
                0x00001bd0                nwkRouteDiscoveryInit
 .text.nwkRouteDiscoveryRequest
                0x00001c08       0x6e src/ASF/thirdparty/wireless/avr2130_lwmesh/source/nwk/src/nwkRouteDiscovery.o
                0x00001c08                nwkRouteDiscoveryRequest
 .text.nwkRouteDiscoveryRequestReceived
                0x00001c76      0x12a src/ASF/thirdparty/wireless/avr2130_lwmesh/source/nwk/src/nwkRouteDiscovery.o
                0x00001c76                nwkRouteDiscoveryRequestReceived
 .text.nwkRouteDiscoveryReplyReceived
                0x00001da0       0xba src/ASF/thirdparty/wireless/avr2130_lwmesh/source/nwk/src/nwkRouteDiscovery.o
                0x00001da0                nwkRouteDiscoveryReplyReceived
 .text.nwkRxSeriveDataInd
                0x00001e5a       0x3e src/ASF/thirdparty/wireless/avr2130_lwmesh/source/nwk/src/nwkRx.o
 .text.nwkRxDuplicateRejectionTimerHandler
                0x00001e98       0x2c src/ASF/thirdparty/wireless/avr2130_lwmesh/source/nwk/src/nwkRx.o
 .text.nwkRxInit
                0x00001ec4       0x3a src/ASF/thirdparty/wireless/avr2130_lwmesh/source/nwk/src/nwkRx.o
                0x00001ec4                nwkRxInit
 .text.PHY_DataInd
                0x00001efe       0x54 src/ASF/thirdparty/wireless/avr2130_lwmesh/source/nwk/src/nwkRx.o
                0x00001efe                PHY_DataInd
 .text.nwkRxDecryptConf
                0x00001f52       0x14 src/ASF/thirdparty/wireless/avr2130_lwmesh/source/nwk/src/nwkRx.o
                0x00001f52                nwkRxDecryptConf
 .text.nwkRxTaskHandler
                0x00001f66      0x4a4 src/ASF/thirdparty/wireless/avr2130_lwmesh/source/nwk/src/nwkRx.o
                0x00001f66                nwkRxTaskHandler
 .text.nwkSecurityInit
                0x0000240a        0xe src/ASF/thirdparty/wireless/avr2130_lwmesh/source/nwk/src/nwkSecurity.o
                0x0000240a                nwkSecurityInit
 .text.nwkSecurityProcess
                0x00002418       0x1e src/ASF/thirdparty/wireless/avr2130_lwmesh/source/nwk/src/nwkSecurity.o
                0x00002418                nwkSecurityProcess
 .text.SYS_EncryptConf
                0x00002436       0x82 src/ASF/thirdparty/wireless/avr2130_lwmesh/source/nwk/src/nwkSecurity.o
                0x00002436                SYS_EncryptConf
 .text.nwkSecurityTaskHandler
                0x000024b8      0x1e2 src/ASF/thirdparty/wireless/avr2130_lwmesh/source/nwk/src/nwkSecurity.o
                0x000024b8                nwkSecurityTaskHandler
 .text.nwkTxDelayTimerHandler
                0x0000269a       0x5c src/ASF/thirdparty/wireless/avr2130_lwmesh/source/nwk/src/nwkTx.o
 .text.nwkTxAckWaitTimerHandler
                0x000026f6       0x68 src/ASF/thirdparty/wireless/avr2130_lwmesh/source/nwk/src/nwkTx.o
 .text.nwkTxInit
                0x0000275e       0x46 src/ASF/thirdparty/wireless/avr2130_lwmesh/source/nwk/src/nwkTx.o
                0x0000275e                nwkTxInit
 .text.nwkTxFrame
                0x000027a4       0xa8 src/ASF/thirdparty/wireless/avr2130_lwmesh/source/nwk/src/nwkTx.o
                0x000027a4                nwkTxFrame
 .text.nwkTxBroadcastFrame
                0x0000284c       0x88 src/ASF/thirdparty/wireless/avr2130_lwmesh/source/nwk/src/nwkTx.o
                0x0000284c                nwkTxBroadcastFrame
 .text.nwkTxAckReceived
                0x000028d4       0x4c src/ASF/thirdparty/wireless/avr2130_lwmesh/source/nwk/src/nwkTx.o
                0x000028d4                nwkTxAckReceived
 .text.nwkTxConfirm
                0x00002920        0xe src/ASF/thirdparty/wireless/avr2130_lwmesh/source/nwk/src/nwkTx.o
                0x00002920                nwkTxConfirm
 .text.nwkTxEncryptConf
                0x0000292e        0x8 src/ASF/thirdparty/wireless/avr2130_lwmesh/source/nwk/src/nwkTx.o
                0x0000292e                nwkTxEncryptConf
 .text.PHY_DataConf
                0x00002936       0x46 src/ASF/thirdparty/wireless/avr2130_lwmesh/source/nwk/src/nwkTx.o
                0x00002936                PHY_DataConf
 .text.nwkTxTaskHandler
                0x0000297c      0x14c src/ASF/thirdparty/wireless/avr2130_lwmesh/source/nwk/src/nwkTx.o
                0x0000297c                nwkTxTaskHandler
 .text.board_init
                0x00002ac8        0x2 src/ASF/common/boards/user_board/init.o
                0x00002ac8                board_init
 .text.libgcc.div
                0x00002aca       0x28 c:/program files (x86)/atmel/studio/7.0/toolchain/avr8/avr8-gnu-toolchain/bin/../lib/gcc/avr/5.4.0/avr51\libgcc.a(_udivmodhi4.o)
                0x00002aca                __udivmodhi4
 .text.libgcc.mul
                0x00002af2       0x1e c:/program files (x86)/atmel/studio/7.0/toolchain/avr8/avr8-gnu-toolchain/bin/../lib/gcc/avr/5.4.0/avr51\libgcc.a(_umulhisi3.o)
                0x00002af2                __umulhisi3
 .text.avr-libc
                0x00002b10       0xaa c:/program files (x86)/atmel/studio/7.0/toolchain/avr8/avr8-gnu-toolchain/bin/../lib/gcc/avr/5.4.0/../../../../avr/lib/avr51\libc.a(rand.o)
                0x00002b9c                rand_r
                0x00002b9e                rand
                0x00002ba4                srand
 .text.avr-libc
                0x00002bba       0x12 c:/program files (x86)/atmel/studio/7.0/toolchain/avr8/avr8-gnu-toolchain/bin/../lib/gcc/avr/5.4.0/../../../../avr/lib/avr51\libc.a(memcpy.o)
                0x00002bba                memcpy
 .text.libgcc.div
                0x00002bcc       0x28 c:/program files (x86)/atmel/studio/7.0/toolchain/avr8/avr8-gnu-toolchain/bin/../lib/gcc/avr/5.4.0/avr51\libgcc.a(_divmodsi4.o)
                0x00002bcc                __divmodsi4
 .text.libgcc.div
                0x00002bf4       0x10 c:/program files (x86)/atmel/studio/7.0/toolchain/avr8/avr8-gnu-toolchain/bin/../lib/gcc/avr/5.4.0/avr51\libgcc.a(_negsi2.o)
                0x00002bf4                __negsi2
 .text.libgcc.mul
                0x00002c04       0x14 c:/program files (x86)/atmel/studio/7.0/toolchain/avr8/avr8-gnu-toolchain/bin/../lib/gcc/avr/5.4.0/avr51\libgcc.a(_muluhisi3.o)
                0x00002c04                __muluhisi3
 .text.libgcc.mul
                0x00002c18        0xc c:/program files (x86)/atmel/studio/7.0/toolchain/avr8/avr8-gnu-toolchain/bin/../lib/gcc/avr/5.4.0/avr51\libgcc.a(_mulshisi3.o)
                0x00002c18                __mulshisi3
                0x00002c1c                __mulohisi3
 .text.libgcc.div
                0x00002c24       0x44 c:/program files (x86)/atmel/studio/7.0/toolchain/avr8/avr8-gnu-toolchain/bin/../lib/gcc/avr/5.4.0/avr51\libgcc.a(_udivmodsi4.o)
                0x00002c24                __udivmodsi4
                0x00002c68                . = ALIGN (0x2)
 *(.fini9)
 .fini9         0x00002c68        0x0 c:/program files (x86)/atmel/studio/7.0/toolchain/avr8/avr8-gnu-toolchain/bin/../lib/gcc/avr/5.4.0/avr51\libgcc.a(_exit.o)
                0x00002c68                _exit
                0x00002c68                exit
 *(.fini9)
 *(.fini8)
 *(.fini8)
 *(.fini7)
 *(.fini7)
 *(.fini6)
 *(.fini6)
 *(.fini5)
 *(.fini5)
 *(.fini4)
 *(.fini4)
 *(.fini3)
 *(.fini3)
 *(.fini2)
 *(.fini2)
 *(.fini1)
 *(.fini1)
 *(.fini0)
 .fini0         0x00002c68        0x4 c:/program files (x86)/atmel/studio/7.0/toolchain/avr8/avr8-gnu-toolchain/bin/../lib/gcc/avr/5.4.0/avr51\libgcc.a(_exit.o)
 *(.fini0)
                0x00002c6c                _etext = .

.data           0x00800200        0x6 load address 0x00002c6c
                0x00800200                PROVIDE (__data_start, .)
 *(.data)
 .data          0x00800200        0x4 c:/program files (x86)/atmel/studio/7.0/toolchain/avr8/avr8-gnu-toolchain/bin/../lib/gcc/avr/5.4.0/../../../../avr/lib/avr51\libc.a(rand.o)
 *(.data*)
 .data.last_dir
                0x00800204        0x1 src/ASF/thirdparty/wireless/services/sal/atmegarf_sal/src/sal.o
 *(.gnu.linkonce.d*)
 *(.rodata)
 *(.rodata*)
 *(.gnu.linkonce.r*)
                0x00800206                . = ALIGN (0x2)
 *fill*         0x00800205        0x1 
                0x00800206                _edata = .
                0x00800206                PROVIDE (__data_end, .)

.bss            0x00800206      0xaa1
                0x00800206                PROVIDE (__bss_start, .)
 *(.bss)
 .bss           0x00800206        0xb ../src/ASF/thirdparty/wireless/services/common_hw_timer/mega/lib\libmegarfa1_lib_hw_timer.a(common_hw_timer.o)
 *(.bss*)
 .bss.tc_tccr5_compc_callback
                0x00800211        0x2 src/ASF/thirdparty/wireless/services/mega/drivers/tc/tc_megarf.o
 .bss.tc_tccr5_compb_callback
                0x00800213        0x2 src/ASF/thirdparty/wireless/services/mega/drivers/tc/tc_megarf.o
 .bss.tc_tccr5_compa_callback
                0x00800215        0x2 src/ASF/thirdparty/wireless/services/mega/drivers/tc/tc_megarf.o
 .bss.tc_tccr5_ovf_callback
                0x00800217        0x2 src/ASF/thirdparty/wireless/services/mega/drivers/tc/tc_megarf.o
 .bss.tc_tccr4_compc_callback
                0x00800219        0x2 src/ASF/thirdparty/wireless/services/mega/drivers/tc/tc_megarf.o
 .bss.tc_tccr4_compb_callback
                0x0080021b        0x2 src/ASF/thirdparty/wireless/services/mega/drivers/tc/tc_megarf.o
 .bss.tc_tccr4_compa_callback
                0x0080021d        0x2 src/ASF/thirdparty/wireless/services/mega/drivers/tc/tc_megarf.o
 .bss.tc_tccr4_ovf_callback
                0x0080021f        0x2 src/ASF/thirdparty/wireless/services/mega/drivers/tc/tc_megarf.o
 .bss.tc_tccr3_compc_callback
                0x00800221        0x2 src/ASF/thirdparty/wireless/services/mega/drivers/tc/tc_megarf.o
 .bss.tc_tccr3_compb_callback
                0x00800223        0x2 src/ASF/thirdparty/wireless/services/mega/drivers/tc/tc_megarf.o
 .bss.tc_tccr3_compa_callback
                0x00800225        0x2 src/ASF/thirdparty/wireless/services/mega/drivers/tc/tc_megarf.o
 .bss.tc_tccr3_ovf_callback
                0x00800227        0x2 src/ASF/thirdparty/wireless/services/mega/drivers/tc/tc_megarf.o
 .bss.tc_tccr1_compc_callback
                0x00800229        0x2 src/ASF/thirdparty/wireless/services/mega/drivers/tc/tc_megarf.o
 .bss.tc_tccr1_compb_callback
                0x0080022b        0x2 src/ASF/thirdparty/wireless/services/mega/drivers/tc/tc_megarf.o
 .bss.tc_tccr1_compa_callback
                0x0080022d        0x2 src/ASF/thirdparty/wireless/services/mega/drivers/tc/tc_megarf.o
 .bss.tc_tccr1_ovf_callback
                0x0080022f        0x2 src/ASF/thirdparty/wireless/services/mega/drivers/tc/tc_megarf.o
 .bss.dec_key   0x00800231       0x10 src/ASF/thirdparty/wireless/services/sal/atmegarf_sal/src/sal.o
 .bss.enc_key   0x00800241       0x10 src/ASF/thirdparty/wireless/services/sal/atmegarf_sal/src/sal.o
 .bss.mode_byte
                0x00800251        0x1 src/ASF/thirdparty/wireless/services/sal/atmegarf_sal/src/sal.o
 .bss.dec_initialized
                0x00800252        0x1 src/ASF/thirdparty/wireless/services/sal/atmegarf_sal/src/sal.o
 .bss.timers    0x00800253        0x2 src/ASF/thirdparty/wireless/avr2130_lwmesh/source/sys/src/sysTimer.o
 .bss.phyRxState
                0x00800255        0x1 src/ASF/thirdparty/wireless/avr2130_lwmesh/source/phy/atmegarfa1/src/phy.o
 .bss.phyRxBuffer
                0x00800256       0x80 src/ASF/thirdparty/wireless/avr2130_lwmesh/source/phy/atmegarfa1/src/phy.o
 .bss.phyState  0x008002d6        0x1 src/ASF/thirdparty/wireless/avr2130_lwmesh/source/phy/atmegarfa1/src/phy.o
 .bss.nwkDataReqQueue
                0x008002d7        0x2 src/ASF/thirdparty/wireless/avr2130_lwmesh/source/nwk/src/nwkDataReq.o
 .bss.nwkFrameFrames
                0x008002d9      0x55a src/ASF/thirdparty/wireless/avr2130_lwmesh/source/nwk/src/nwkFrame.o
 .bss.nwkRouteTable
                0x00800833      0x2bc src/ASF/thirdparty/wireless/avr2130_lwmesh/source/nwk/src/nwkRoute.o
 .bss.nwkRouteDiscoveryTimer
                0x00800aef        0xd src/ASF/thirdparty/wireless/avr2130_lwmesh/source/nwk/src/nwkRouteDiscovery.o
 .bss.nwkRouteDiscoveryTable
                0x00800afc       0x37 src/ASF/thirdparty/wireless/avr2130_lwmesh/source/nwk/src/nwkRouteDiscovery.o
 .bss.nwkRxDuplicateRejectionTimer
                0x00800b33        0xd src/ASF/thirdparty/wireless/avr2130_lwmesh/source/nwk/src/nwkRx.o
 .bss.nwkRxAckControl
                0x00800b40        0x1 src/ASF/thirdparty/wireless/avr2130_lwmesh/source/nwk/src/nwkRx.o
 .bss.nwkRxDuplicateRejectionTable
                0x00800b41       0xfa src/ASF/thirdparty/wireless/avr2130_lwmesh/source/nwk/src/nwkRx.o
 .bss.nwkSecurityVector
                0x00800c3b       0x10 src/ASF/thirdparty/wireless/avr2130_lwmesh/source/nwk/src/nwkSecurity.o
 .bss.nwkSecurityEncrypt
                0x00800c4b        0x1 src/ASF/thirdparty/wireless/avr2130_lwmesh/source/nwk/src/nwkSecurity.o
 .bss.nwkSecurityOffset
                0x00800c4c        0x1 src/ASF/thirdparty/wireless/avr2130_lwmesh/source/nwk/src/nwkSecurity.o
 .bss.nwkSecuritySize
                0x00800c4d        0x1 src/ASF/thirdparty/wireless/avr2130_lwmesh/source/nwk/src/nwkSecurity.o
 .bss.nwkSecurityActiveFrame
                0x00800c4e        0x2 src/ASF/thirdparty/wireless/avr2130_lwmesh/source/nwk/src/nwkSecurity.o
 .bss.nwkSecurityActiveFrames
                0x00800c50        0x1 src/ASF/thirdparty/wireless/avr2130_lwmesh/source/nwk/src/nwkSecurity.o
 .bss.nwkTxDelayTimer
                0x00800c51        0xd src/ASF/thirdparty/wireless/avr2130_lwmesh/source/nwk/src/nwkTx.o
 .bss.nwkTxAckWaitTimer
                0x00800c5e        0xd src/ASF/thirdparty/wireless/avr2130_lwmesh/source/nwk/src/nwkTx.o
 .bss.nwkTxPhyActiveFrame
                0x00800c6b        0x2 src/ASF/thirdparty/wireless/avr2130_lwmesh/source/nwk/src/nwkTx.o
 *(COMMON)
 COMMON         0x00800c6d        0x1 src/ASF/thirdparty/wireless/avr2130_lwmesh/source/sys/src/sysTimer.o
                0x00800c6d                SysTimerIrqCount
 COMMON         0x00800c6e       0x38 src/ASF/thirdparty/wireless/avr2130_lwmesh/source/nwk/src/nwk.o
                0x00800c6e                nwkIb
 COMMON         0x00800ca6        0x1 ../src/ASF/thirdparty/wireless/services/common_hw_timer/mega/lib\libmegarfa1_lib_hw_timer.a(common_hw_timer.o)
                0x00800ca6                timer_multiplier
                0x00800ca7                PROVIDE (__bss_end, .)
                0x00002c6c                __data_load_start = LOADADDR (.data)
                0x00002c72                __data_load_end = (__data_load_start + SIZEOF (.data))

.noinit         0x00800ca7        0x0
                [!provide]                PROVIDE (__noinit_start, .)
 *(.noinit*)
                [!provide]                PROVIDE (__noinit_end, .)
                0x00800ca7                _end = .
                [!provide]                PROVIDE (__heap_start, .)

.eeprom         0x00810000        0x0
 *(.eeprom*)
                0x00810000                __eeprom_end = .

.fuse
 *(.fuse)
 *(.lfuse)
 *(.hfuse)
 *(.efuse)

.lock
 *(.lock*)

.signature
 *(.signature*)

.user_signatures
 *(.user_signatures*)

.stab
 *(.stab)

.stabstr
 *(.stabstr)

.stab.excl
 *(.stab.excl)

.stab.exclstr
 *(.stab.exclstr)

.stab.index
 *(.stab.index)

.stab.indexstr
 *(.stab.indexstr)

.comment        0x00000000       0x5f
 *(.comment)
 .comment       0x00000000       0x30 main.o
                                 0x31 (size before relaxing)
 .comment       0x00000030       0x31 src/ASF/common/services/clock/mega/sysclk.o
 .comment       0x00000030       0x31 src/ASF/thirdparty/wireless/services/mega/drivers/tc/tc_megarf.o
 .comment       0x00000030       0x31 src/ASF/thirdparty/wireless/services/sal/atmegarf_sal/src/sal.o
 .comment       0x00000030       0x31 src/ASF/thirdparty/wireless/services/common_hw_timer/mega/hw_timer.o
 .comment       0x00000030       0x31 src/ASF/thirdparty/wireless/avr2130_lwmesh/source/sys/src/sys.o
 .comment       0x00000030       0x31 src/ASF/thirdparty/wireless/avr2130_lwmesh/source/sys/src/sysEncrypt.o
 .comment       0x00000030       0x31 src/ASF/thirdparty/wireless/avr2130_lwmesh/source/sys/src/sysTimer.o
 .comment       0x00000030       0x31 src/ASF/thirdparty/wireless/avr2130_lwmesh/source/phy/atmegarfa1/src/phy.o
 .comment       0x00000030       0x31 src/ASF/thirdparty/wireless/avr2130_lwmesh/source/nwk/src/nwk.o
 .comment       0x00000030       0x31 src/ASF/thirdparty/wireless/avr2130_lwmesh/source/nwk/src/nwkDataReq.o
 .comment       0x00000030       0x31 src/ASF/thirdparty/wireless/avr2130_lwmesh/source/nwk/src/nwkFrame.o
 .comment       0x00000030       0x31 src/ASF/thirdparty/wireless/avr2130_lwmesh/source/nwk/src/nwkRoute.o
 .comment       0x00000030       0x31 src/ASF/thirdparty/wireless/avr2130_lwmesh/source/nwk/src/nwkRouteDiscovery.o
 .comment       0x00000030       0x31 src/ASF/thirdparty/wireless/avr2130_lwmesh/source/nwk/src/nwkRx.o
 .comment       0x00000030       0x31 src/ASF/thirdparty/wireless/avr2130_lwmesh/source/nwk/src/nwkSecurity.o
 .comment       0x00000030       0x31 src/ASF/thirdparty/wireless/avr2130_lwmesh/source/nwk/src/nwkTx.o
 .comment       0x00000030       0x31 src/ASF/common/boards/user_board/init.o
 .comment       0x00000030       0x2f ../src/ASF/thirdparty/wireless/services/common_hw_timer/mega/lib\libmegarfa1_lib_hw_timer.a(common_hw_timer.o)
                                 0x30 (size before relaxing)
 .comment       0x0000005f       0x31 c:/program files (x86)/atmel/studio/7.0/toolchain/avr8/avr8-gnu-toolchain/bin/../lib/gcc/avr/5.4.0/../../../../avr/lib/avr51\libc.a(rand.o)

.note.gnu.avr.deviceinfo
                0x00000000       0x40
 .note.gnu.avr.deviceinfo
                0x00000000       0x40 C:/Program Files (x86)/Atmel/Studio/7.0/Packs/atmel/ATmega_DFP/1.2.150/gcc/dev/atmega128rfa1/avr51/crtatmega128rfa1.o

.note.gnu.build-id
 *(.note.gnu.build-id)

.debug
 *(.debug)

.line
 *(.line)

.debug_srcinfo
 *(.debug_srcinfo)

.debug_sfnames
 *(.debug_sfnames)

.debug_aranges  0x00000000      0x620
 *(.debug_aranges)
 .debug_aranges
                0x00000000       0x38 main.o
 .debug_aranges
                0x00000038       0x30 src/ASF/common/services/clock/mega/sysclk.o
 .debug_aranges
                0x00000068       0xc8 src/ASF/thirdparty/wireless/services/mega/drivers/tc/tc_megarf.o
 .debug_aranges
                0x00000130       0x48 src/ASF/thirdparty/wireless/services/sal/atmegarf_sal/src/sal.o
 .debug_aranges
                0x00000178       0x70 src/ASF/thirdparty/wireless/services/common_hw_timer/mega/hw_timer.o
 .debug_aranges
                0x000001e8       0x28 src/ASF/thirdparty/wireless/avr2130_lwmesh/source/sys/src/sys.o
 .debug_aranges
                0x00000210       0x20 src/ASF/thirdparty/wireless/avr2130_lwmesh/source/sys/src/sysEncrypt.o
 .debug_aranges
                0x00000230       0x50 src/ASF/thirdparty/wireless/avr2130_lwmesh/source/sys/src/sysTimer.o
 .debug_aranges
                0x00000280       0xa0 src/ASF/thirdparty/wireless/avr2130_lwmesh/source/phy/atmegarfa1/src/phy.o
 .debug_aranges
                0x00000320       0x70 src/ASF/thirdparty/wireless/avr2130_lwmesh/source/nwk/src/nwk.o
 .debug_aranges
                0x00000390       0x38 src/ASF/thirdparty/wireless/avr2130_lwmesh/source/nwk/src/nwkDataReq.o
 .debug_aranges
                0x000003c8       0x40 src/ASF/thirdparty/wireless/avr2130_lwmesh/source/nwk/src/nwkFrame.o
 .debug_aranges
                0x00000408       0x80 src/ASF/thirdparty/wireless/avr2130_lwmesh/source/nwk/src/nwkRoute.o
 .debug_aranges
                0x00000488       0x60 src/ASF/thirdparty/wireless/avr2130_lwmesh/source/nwk/src/nwkRouteDiscovery.o
 .debug_aranges
                0x000004e8       0x50 src/ASF/thirdparty/wireless/avr2130_lwmesh/source/nwk/src/nwkRx.o
 .debug_aranges
                0x00000538       0x40 src/ASF/thirdparty/wireless/avr2130_lwmesh/source/nwk/src/nwkSecurity.o
 .debug_aranges
                0x00000578       0x68 src/ASF/thirdparty/wireless/avr2130_lwmesh/source/nwk/src/nwkTx.o
 .debug_aranges
                0x000005e0       0x20 src/ASF/common/boards/user_board/init.o
 .debug_aranges
                0x00000600       0x20 ../src/ASF/thirdparty/wireless/services/common_hw_timer/mega/lib\libmegarfa1_lib_hw_timer.a(common_hw_timer.o)

.debug_pubnames
 *(.debug_pubnames)

.debug_info     0x00000000     0x8d26
 *(.debug_info .gnu.linkonce.wi.*)
 .debug_info    0x00000000     0x1160 C:/Program Files (x86)/Atmel/Studio/7.0/Packs/atmel/ATmega_DFP/1.2.150/gcc/dev/atmega128rfa1/avr51/crtatmega128rfa1.o
 .debug_info    0x00001160      0x977 main.o
 .debug_info    0x00001ad7      0x2b5 src/ASF/common/services/clock/mega/sysclk.o
 .debug_info    0x00001d8c      0x857 src/ASF/thirdparty/wireless/services/mega/drivers/tc/tc_megarf.o
 .debug_info    0x000025e3      0x24b src/ASF/thirdparty/wireless/services/sal/atmegarf_sal/src/sal.o
 .debug_info    0x0000282e      0x734 src/ASF/thirdparty/wireless/services/common_hw_timer/mega/hw_timer.o
 .debug_info    0x00002f62      0x144 src/ASF/thirdparty/wireless/avr2130_lwmesh/source/sys/src/sys.o
 .debug_info    0x000030a6      0x104 src/ASF/thirdparty/wireless/avr2130_lwmesh/source/sys/src/sysEncrypt.o
 .debug_info    0x000031aa      0x459 src/ASF/thirdparty/wireless/avr2130_lwmesh/source/sys/src/sysTimer.o
 .debug_info    0x00003603      0xa21 src/ASF/thirdparty/wireless/avr2130_lwmesh/source/phy/atmegarfa1/src/phy.o
 .debug_info    0x00004024      0x53d src/ASF/thirdparty/wireless/avr2130_lwmesh/source/nwk/src/nwk.o
 .debug_info    0x00004561      0x7b2 src/ASF/thirdparty/wireless/avr2130_lwmesh/source/nwk/src/nwkDataReq.o
 .debug_info    0x00004d13      0x59f src/ASF/thirdparty/wireless/avr2130_lwmesh/source/nwk/src/nwkFrame.o
 .debug_info    0x000052b2      0xa8a src/ASF/thirdparty/wireless/avr2130_lwmesh/source/nwk/src/nwkRoute.o
 .debug_info    0x00005d3c      0xd25 src/ASF/thirdparty/wireless/avr2130_lwmesh/source/nwk/src/nwkRouteDiscovery.o
 .debug_info    0x00006a61      0xce8 src/ASF/thirdparty/wireless/avr2130_lwmesh/source/nwk/src/nwkRx.o
 .debug_info    0x00007749      0x72e src/ASF/thirdparty/wireless/avr2130_lwmesh/source/nwk/src/nwkSecurity.o
 .debug_info    0x00007e77      0xaa0 src/ASF/thirdparty/wireless/avr2130_lwmesh/source/nwk/src/nwkTx.o
 .debug_info    0x00008917       0x7c src/ASF/common/boards/user_board/init.o
 .debug_info    0x00008993      0x393 ../src/ASF/thirdparty/wireless/services/common_hw_timer/mega/lib\libmegarfa1_lib_hw_timer.a(common_hw_timer.o)

.debug_abbrev   0x00000000     0x370f
 *(.debug_abbrev)
 .debug_abbrev  0x00000000     0x1072 C:/Program Files (x86)/Atmel/Studio/7.0/Packs/atmel/ATmega_DFP/1.2.150/gcc/dev/atmega128rfa1/avr51/crtatmega128rfa1.o
 .debug_abbrev  0x00001072      0x292 main.o
 .debug_abbrev  0x00001304      0x1a6 src/ASF/common/services/clock/mega/sysclk.o
 .debug_abbrev  0x000014aa      0x20b src/ASF/thirdparty/wireless/services/mega/drivers/tc/tc_megarf.o
 .debug_abbrev  0x000016b5      0x146 src/ASF/thirdparty/wireless/services/sal/atmegarf_sal/src/sal.o
 .debug_abbrev  0x000017fb      0x21b src/ASF/thirdparty/wireless/services/common_hw_timer/mega/hw_timer.o
 .debug_abbrev  0x00001a16       0x66 src/ASF/thirdparty/wireless/avr2130_lwmesh/source/sys/src/sys.o
 .debug_abbrev  0x00001a7c       0xb3 src/ASF/thirdparty/wireless/avr2130_lwmesh/source/sys/src/sysEncrypt.o
 .debug_abbrev  0x00001b2f      0x211 src/ASF/thirdparty/wireless/avr2130_lwmesh/source/sys/src/sysTimer.o
 .debug_abbrev  0x00001d40      0x2d1 src/ASF/thirdparty/wireless/avr2130_lwmesh/source/phy/atmegarfa1/src/phy.o
 .debug_abbrev  0x00002011      0x1b8 src/ASF/thirdparty/wireless/avr2130_lwmesh/source/nwk/src/nwk.o
 .debug_abbrev  0x000021c9      0x282 src/ASF/thirdparty/wireless/avr2130_lwmesh/source/nwk/src/nwkDataReq.o
 .debug_abbrev  0x0000244b      0x186 src/ASF/thirdparty/wireless/avr2130_lwmesh/source/nwk/src/nwkFrame.o
 .debug_abbrev  0x000025d1      0x2ff src/ASF/thirdparty/wireless/avr2130_lwmesh/source/nwk/src/nwkRoute.o
 .debug_abbrev  0x000028d0      0x360 src/ASF/thirdparty/wireless/avr2130_lwmesh/source/nwk/src/nwkRouteDiscovery.o
 .debug_abbrev  0x00002c30      0x38d src/ASF/thirdparty/wireless/avr2130_lwmesh/source/nwk/src/nwkRx.o
 .debug_abbrev  0x00002fbd      0x276 src/ASF/thirdparty/wireless/avr2130_lwmesh/source/nwk/src/nwkSecurity.o
 .debug_abbrev  0x00003233      0x338 src/ASF/thirdparty/wireless/avr2130_lwmesh/source/nwk/src/nwkTx.o
 .debug_abbrev  0x0000356b       0x47 src/ASF/common/boards/user_board/init.o
 .debug_abbrev  0x000035b2      0x15d ../src/ASF/thirdparty/wireless/services/common_hw_timer/mega/lib\libmegarfa1_lib_hw_timer.a(common_hw_timer.o)

.debug_line     0x00000000     0x7b57
 *(.debug_line .debug_line.* .debug_line_end)
 .debug_line    0x00000000      0x247 C:/Program Files (x86)/Atmel/Studio/7.0/Packs/atmel/ATmega_DFP/1.2.150/gcc/dev/atmega128rfa1/avr51/crtatmega128rfa1.o
 .debug_line    0x00000247      0x861 main.o
 .debug_line    0x00000aa8      0x4bc src/ASF/common/services/clock/mega/sysclk.o
 .debug_line    0x00000f64      0x91d src/ASF/thirdparty/wireless/services/mega/drivers/tc/tc_megarf.o
 .debug_line    0x00001881      0x396 src/ASF/thirdparty/wireless/services/sal/atmegarf_sal/src/sal.o
 .debug_line    0x00001c17      0x643 src/ASF/thirdparty/wireless/services/common_hw_timer/mega/hw_timer.o
 .debug_line    0x0000225a      0x7d3 src/ASF/thirdparty/wireless/avr2130_lwmesh/source/sys/src/sys.o
 .debug_line    0x00002a2d      0x242 src/ASF/thirdparty/wireless/avr2130_lwmesh/source/sys/src/sysEncrypt.o
 .debug_line    0x00002c6f      0x63a src/ASF/thirdparty/wireless/avr2130_lwmesh/source/sys/src/sysTimer.o
 .debug_line    0x000032a9      0x933 src/ASF/thirdparty/wireless/avr2130_lwmesh/source/phy/atmegarfa1/src/phy.o
 .debug_line    0x00003bdc      0x64d src/ASF/thirdparty/wireless/avr2130_lwmesh/source/nwk/src/nwk.o
 .debug_line    0x00004229      0x5b0 src/ASF/thirdparty/wireless/avr2130_lwmesh/source/nwk/src/nwkDataReq.o
 .debug_line    0x000047d9      0x53f src/ASF/thirdparty/wireless/avr2130_lwmesh/source/nwk/src/nwkFrame.o
 .debug_line    0x00004d18      0x7bb src/ASF/thirdparty/wireless/avr2130_lwmesh/source/nwk/src/nwkRoute.o
 .debug_line    0x000054d3      0x894 src/ASF/thirdparty/wireless/avr2130_lwmesh/source/nwk/src/nwkRouteDiscovery.o
 .debug_line    0x00005d67      0x89d src/ASF/thirdparty/wireless/avr2130_lwmesh/source/nwk/src/nwkRx.o
 .debug_line    0x00006604      0x611 src/ASF/thirdparty/wireless/avr2130_lwmesh/source/nwk/src/nwkSecurity.o
 .debug_line    0x00006c15      0x865 src/ASF/thirdparty/wireless/avr2130_lwmesh/source/nwk/src/nwkTx.o
 .debug_line    0x0000747a      0x5a6 src/ASF/common/boards/user_board/init.o
 .debug_line    0x00007a20      0x137 ../src/ASF/thirdparty/wireless/services/common_hw_timer/mega/lib\libmegarfa1_lib_hw_timer.a(common_hw_timer.o)

.debug_frame    0x00000000     0x13ac
 *(.debug_frame)
 .debug_frame   0x00000000       0x64 main.o
 .debug_frame   0x00000064       0x74 src/ASF/common/services/clock/mega/sysclk.o
 .debug_frame   0x000000d8      0x624 src/ASF/thirdparty/wireless/services/mega/drivers/tc/tc_megarf.o
 .debug_frame   0x000006fc       0x90 src/ASF/thirdparty/wireless/services/sal/atmegarf_sal/src/sal.o
 .debug_frame   0x0000078c       0xe0 src/ASF/thirdparty/wireless/services/common_hw_timer/mega/hw_timer.o
 .debug_frame   0x0000086c       0x34 src/ASF/thirdparty/wireless/avr2130_lwmesh/source/sys/src/sys.o
 .debug_frame   0x000008a0       0x24 src/ASF/thirdparty/wireless/avr2130_lwmesh/source/sys/src/sysEncrypt.o
 .debug_frame   0x000008c4       0xe0 src/ASF/thirdparty/wireless/avr2130_lwmesh/source/sys/src/sysTimer.o
 .debug_frame   0x000009a4      0x19c src/ASF/thirdparty/wireless/avr2130_lwmesh/source/phy/atmegarfa1/src/phy.o
 .debug_frame   0x00000b40       0xd4 src/ASF/thirdparty/wireless/avr2130_lwmesh/source/nwk/src/nwk.o
 .debug_frame   0x00000c14       0x68 src/ASF/thirdparty/wireless/avr2130_lwmesh/source/nwk/src/nwkDataReq.o
 .debug_frame   0x00000c7c       0x64 src/ASF/thirdparty/wireless/avr2130_lwmesh/source/nwk/src/nwkFrame.o
 .debug_frame   0x00000ce0      0x160 src/ASF/thirdparty/wireless/avr2130_lwmesh/source/nwk/src/nwkRoute.o
 .debug_frame   0x00000e40      0x1c0 src/ASF/thirdparty/wireless/avr2130_lwmesh/source/nwk/src/nwkRouteDiscovery.o
 .debug_frame   0x00001000       0xf0 src/ASF/thirdparty/wireless/avr2130_lwmesh/source/nwk/src/nwkRx.o
 .debug_frame   0x000010f0       0x84 src/ASF/thirdparty/wireless/avr2130_lwmesh/source/nwk/src/nwkSecurity.o
 .debug_frame   0x00001174      0x154 src/ASF/thirdparty/wireless/avr2130_lwmesh/source/nwk/src/nwkTx.o
 .debug_frame   0x000012c8       0x24 src/ASF/common/boards/user_board/init.o
 .debug_frame   0x000012ec       0xc0 ../src/ASF/thirdparty/wireless/services/common_hw_timer/mega/lib\libmegarfa1_lib_hw_timer.a(common_hw_timer.o)

.debug_str      0x00000000    0x1c37f
 *(.debug_str)
 .debug_str     0x00000000      0x6de C:/Program Files (x86)/Atmel/Studio/7.0/Packs/atmel/ATmega_DFP/1.2.150/gcc/dev/atmega128rfa1/avr51/crtatmega128rfa1.o
 .debug_str     0x000006de    0x1855c main.o
                              0x187f1 (size before relaxing)
 .debug_str     0x00018c3a       0xd5 src/ASF/common/services/clock/mega/sysclk.o
                              0x17913 (size before relaxing)
 .debug_str     0x00018d0f      0x368 src/ASF/thirdparty/wireless/services/mega/drivers/tc/tc_megarf.o
                              0x17c80 (size before relaxing)
 .debug_str     0x00019077      0x622 src/ASF/thirdparty/wireless/services/sal/atmegarf_sal/src/sal.o
                               0x3abd (size before relaxing)
 .debug_str     0x00019699      0x3f6 src/ASF/thirdparty/wireless/services/common_hw_timer/mega/hw_timer.o
                              0x17d6a (size before relaxing)
 .debug_str     0x00019a8f       0xc7 src/ASF/thirdparty/wireless/avr2130_lwmesh/source/sys/src/sys.o
                              0x18620 (size before relaxing)
 .debug_str     0x00019b56       0x8e src/ASF/thirdparty/wireless/avr2130_lwmesh/source/sys/src/sysEncrypt.o
                               0x3983 (size before relaxing)
 .debug_str     0x00019be4      0x158 src/ASF/thirdparty/wireless/avr2130_lwmesh/source/sys/src/sysTimer.o
                              0x16e7f (size before relaxing)
 .debug_str     0x00019d3c     0x141d src/ASF/thirdparty/wireless/avr2130_lwmesh/source/phy/atmegarfa1/src/phy.o
                              0x191b8 (size before relaxing)
 .debug_str     0x0001b159      0x18e src/ASF/thirdparty/wireless/avr2130_lwmesh/source/nwk/src/nwk.o
                              0x174ad (size before relaxing)
 .debug_str     0x0001b2e7      0x222 src/ASF/thirdparty/wireless/avr2130_lwmesh/source/nwk/src/nwkDataReq.o
                              0x17630 (size before relaxing)
 .debug_str     0x0001b509       0x8d src/ASF/thirdparty/wireless/avr2130_lwmesh/source/nwk/src/nwkFrame.o
                              0x174c3 (size before relaxing)
 .debug_str     0x0001b596      0x278 src/ASF/thirdparty/wireless/avr2130_lwmesh/source/nwk/src/nwkRoute.o
                              0x17582 (size before relaxing)
 .debug_str     0x0001b80e      0x2a3 src/ASF/thirdparty/wireless/avr2130_lwmesh/source/nwk/src/nwkRouteDiscovery.o
                              0x17753 (size before relaxing)
 .debug_str     0x0001bab1      0x393 src/ASF/thirdparty/wireless/avr2130_lwmesh/source/nwk/src/nwkRx.o
                              0x179cb (size before relaxing)
 .debug_str     0x0001be44      0x1c9 src/ASF/thirdparty/wireless/avr2130_lwmesh/source/nwk/src/nwkSecurity.o
                              0x175e5 (size before relaxing)
 .debug_str     0x0001c00d      0x1d4 src/ASF/thirdparty/wireless/avr2130_lwmesh/source/nwk/src/nwkTx.o
                              0x178b2 (size before relaxing)
 .debug_str     0x0001c1e1       0x2b src/ASF/common/boards/user_board/init.o
                              0x18007 (size before relaxing)
 .debug_str     0x0001c20c      0x173 ../src/ASF/thirdparty/wireless/services/common_hw_timer/mega/lib\libmegarfa1_lib_hw_timer.a(common_hw_timer.o)
                                0x32d (size before relaxing)

.debug_loc      0x00000000     0x4a5b
 *(.debug_loc)
 .debug_loc     0x00000000      0x254 main.o
 .debug_loc     0x00000254      0x1f2 src/ASF/common/services/clock/mega/sysclk.o
 .debug_loc     0x00000446     0x131a src/ASF/thirdparty/wireless/services/mega/drivers/tc/tc_megarf.o
 .debug_loc     0x00001760      0x340 src/ASF/thirdparty/wireless/services/sal/atmegarf_sal/src/sal.o
 .debug_loc     0x00001aa0      0x1ec src/ASF/thirdparty/wireless/services/common_hw_timer/mega/hw_timer.o
 .debug_loc     0x00001c8c       0x4c src/ASF/thirdparty/wireless/avr2130_lwmesh/source/sys/src/sysEncrypt.o
 .debug_loc     0x00001cd8      0x442 src/ASF/thirdparty/wireless/avr2130_lwmesh/source/sys/src/sysTimer.o
 .debug_loc     0x0000211a      0x550 src/ASF/thirdparty/wireless/avr2130_lwmesh/source/phy/atmegarfa1/src/phy.o
 .debug_loc     0x0000266a      0x14d src/ASF/thirdparty/wireless/avr2130_lwmesh/source/nwk/src/nwk.o
 .debug_loc     0x000027b7      0x137 src/ASF/thirdparty/wireless/avr2130_lwmesh/source/nwk/src/nwkDataReq.o
 .debug_loc     0x000028ee       0xe2 src/ASF/thirdparty/wireless/avr2130_lwmesh/source/nwk/src/nwkFrame.o
 .debug_loc     0x000029d0      0x702 src/ASF/thirdparty/wireless/avr2130_lwmesh/source/nwk/src/nwkRoute.o
 .debug_loc     0x000030d2      0xa49 src/ASF/thirdparty/wireless/avr2130_lwmesh/source/nwk/src/nwkRouteDiscovery.o
 .debug_loc     0x00003b1b      0x57f src/ASF/thirdparty/wireless/avr2130_lwmesh/source/nwk/src/nwkRx.o
 .debug_loc     0x0000409a      0x186 src/ASF/thirdparty/wireless/avr2130_lwmesh/source/nwk/src/nwkSecurity.o
 .debug_loc     0x00004220      0x691 src/ASF/thirdparty/wireless/avr2130_lwmesh/source/nwk/src/nwkTx.o
 .debug_loc     0x000048b1      0x1aa ../src/ASF/thirdparty/wireless/services/common_hw_timer/mega/lib\libmegarfa1_lib_hw_timer.a(common_hw_timer.o)

.debug_macinfo
 *(.debug_macinfo)

.debug_weaknames
 *(.debug_weaknames)

.debug_funcnames
 *(.debug_funcnames)

.debug_typenames
 *(.debug_typenames)

.debug_varnames
 *(.debug_varnames)

.debug_pubtypes
 *(.debug_pubtypes)

.debug_ranges   0x00000000      0x610
 *(.debug_ranges)
 .debug_ranges  0x00000000       0x40 main.o
 .debug_ranges  0x00000040       0x20 src/ASF/common/services/clock/mega/sysclk.o
 .debug_ranges  0x00000060       0xb8 src/ASF/thirdparty/wireless/services/mega/drivers/tc/tc_megarf.o
 .debug_ranges  0x00000118       0x38 src/ASF/thirdparty/wireless/services/sal/atmegarf_sal/src/sal.o
 .debug_ranges  0x00000150       0x60 src/ASF/thirdparty/wireless/services/common_hw_timer/mega/hw_timer.o
 .debug_ranges  0x000001b0       0x18 src/ASF/thirdparty/wireless/avr2130_lwmesh/source/sys/src/sys.o
 .debug_ranges  0x000001c8       0x10 src/ASF/thirdparty/wireless/avr2130_lwmesh/source/sys/src/sysEncrypt.o
 .debug_ranges  0x000001d8       0x78 src/ASF/thirdparty/wireless/avr2130_lwmesh/source/sys/src/sysTimer.o
 .debug_ranges  0x00000250       0x90 src/ASF/thirdparty/wireless/avr2130_lwmesh/source/phy/atmegarfa1/src/phy.o
 .debug_ranges  0x000002e0       0x60 src/ASF/thirdparty/wireless/avr2130_lwmesh/source/nwk/src/nwk.o
 .debug_ranges  0x00000340       0x28 src/ASF/thirdparty/wireless/avr2130_lwmesh/source/nwk/src/nwkDataReq.o
 .debug_ranges  0x00000368       0x30 src/ASF/thirdparty/wireless/avr2130_lwmesh/source/nwk/src/nwkFrame.o
 .debug_ranges  0x00000398       0x70 src/ASF/thirdparty/wireless/avr2130_lwmesh/source/nwk/src/nwkRoute.o
 .debug_ranges  0x00000408       0x80 src/ASF/thirdparty/wireless/avr2130_lwmesh/source/nwk/src/nwkRouteDiscovery.o
 .debug_ranges  0x00000488       0xd8 src/ASF/thirdparty/wireless/avr2130_lwmesh/source/nwk/src/nwkRx.o
 .debug_ranges  0x00000560       0x30 src/ASF/thirdparty/wireless/avr2130_lwmesh/source/nwk/src/nwkSecurity.o
 .debug_ranges  0x00000590       0x70 src/ASF/thirdparty/wireless/avr2130_lwmesh/source/nwk/src/nwkTx.o
 .debug_ranges  0x00000600       0x10 src/ASF/common/boards/user_board/init.o

.debug_macro    0x00000000     0x874e
 *(.debug_macro)
 .debug_macro   0x00000000      0x243 main.o
 .debug_macro   0x00000243      0xa72 main.o
 .debug_macro   0x00000cb5       0x10 main.o
 .debug_macro   0x00000cc5      0x1c9 main.o
 .debug_macro   0x00000e8e      0x2fc main.o
 .debug_macro   0x0000118a       0x9e main.o
 .debug_macro   0x00001228     0x3aaf main.o
 .debug_macro   0x00004cd7       0x9a main.o
 .debug_macro   0x00004d71       0x81 main.o
 .debug_macro   0x00004df2       0x34 main.o
 .debug_macro   0x00004e26       0x18 main.o
 .debug_macro   0x00004e3e       0x6c main.o
 .debug_macro   0x00004eaa       0x22 main.o
 .debug_macro   0x00004ecc      0x16d main.o
 .debug_macro   0x00005039       0x1c main.o
 .debug_macro   0x00005055       0x35 main.o
 .debug_macro   0x0000508a       0x66 main.o
 .debug_macro   0x000050f0      0x64b main.o
 .debug_macro   0x0000573b       0x44 main.o
 .debug_macro   0x0000577f       0x69 main.o
 .debug_macro   0x000057e8       0x32 main.o
 .debug_macro   0x0000581a       0x10 main.o
 .debug_macro   0x0000582a      0x175 main.o
 .debug_macro   0x0000599f       0x40 main.o
 .debug_macro   0x000059df      0x100 main.o
 .debug_macro   0x00005adf       0x22 main.o
 .debug_macro   0x00005b01       0x3a main.o
 .debug_macro   0x00005b3b      0x2c6 main.o
 .debug_macro   0x00005e01       0xd5 main.o
 .debug_macro   0x00005ed6       0x28 main.o
 .debug_macro   0x00005efe       0x23 main.o
 .debug_macro   0x00005f21       0x6e main.o
 .debug_macro   0x00005f8f       0x40 main.o
 .debug_macro   0x00005fcf       0x16 main.o
 .debug_macro   0x00005fe5       0xa6 main.o
 .debug_macro   0x0000608b       0x10 main.o
 .debug_macro   0x0000609b       0x10 main.o
 .debug_macro   0x000060ab       0x1c main.o
 .debug_macro   0x000060c7       0x1c main.o
 .debug_macro   0x000060e3       0x1c main.o
 .debug_macro   0x000060ff      0x15b src/ASF/common/services/clock/mega/sysclk.o
 .debug_macro   0x0000625a      0x168 src/ASF/thirdparty/wireless/services/mega/drivers/tc/tc_megarf.o
 .debug_macro   0x000063c2      0x302 src/ASF/thirdparty/wireless/services/mega/drivers/tc/tc_megarf.o
 .debug_macro   0x000066c4      0x102 src/ASF/thirdparty/wireless/services/sal/atmegarf_sal/src/sal.o
 .debug_macro   0x000067c6       0x28 src/ASF/thirdparty/wireless/services/sal/atmegarf_sal/src/sal.o
 .debug_macro   0x000067ee       0x16 src/ASF/thirdparty/wireless/services/sal/atmegarf_sal/src/sal.o
 .debug_macro   0x00006804       0x23 src/ASF/thirdparty/wireless/services/sal/atmegarf_sal/src/sal.o
 .debug_macro   0x00006827       0x16 src/ASF/thirdparty/wireless/services/sal/atmegarf_sal/src/sal.o
 .debug_macro   0x0000683d       0x97 src/ASF/thirdparty/wireless/services/sal/atmegarf_sal/src/sal.o
 .debug_macro   0x000068d4       0x16 src/ASF/thirdparty/wireless/services/sal/atmegarf_sal/src/sal.o
 .debug_macro   0x000068ea      0x190 src/ASF/thirdparty/wireless/services/common_hw_timer/mega/hw_timer.o
 .debug_macro   0x00006a7a       0x10 src/ASF/thirdparty/wireless/services/common_hw_timer/mega/hw_timer.o
 .debug_macro   0x00006a8a       0x10 src/ASF/thirdparty/wireless/services/common_hw_timer/mega/hw_timer.o
 .debug_macro   0x00006a9a      0x26e src/ASF/thirdparty/wireless/avr2130_lwmesh/source/sys/src/sys.o
 .debug_macro   0x00006d08       0x16 src/ASF/thirdparty/wireless/avr2130_lwmesh/source/sys/src/sys.o
 .debug_macro   0x00006d1e       0x17 src/ASF/thirdparty/wireless/avr2130_lwmesh/source/sys/src/sys.o
 .debug_macro   0x00006d35       0x16 src/ASF/thirdparty/wireless/avr2130_lwmesh/source/sys/src/sys.o
 .debug_macro   0x00006d4b       0x28 src/ASF/thirdparty/wireless/avr2130_lwmesh/source/sys/src/sys.o
 .debug_macro   0x00006d73       0x6a src/ASF/thirdparty/wireless/avr2130_lwmesh/source/sys/src/sysEncrypt.o
 .debug_macro   0x00006ddd      0x13d src/ASF/thirdparty/wireless/avr2130_lwmesh/source/sys/src/sysTimer.o
 .debug_macro   0x00006f1a      0x10e src/ASF/thirdparty/wireless/avr2130_lwmesh/source/sys/src/sysTimer.o
 .debug_macro   0x00007028       0x86 src/ASF/thirdparty/wireless/avr2130_lwmesh/source/sys/src/sysTimer.o
 .debug_macro   0x000070ae      0x1b8 src/ASF/thirdparty/wireless/avr2130_lwmesh/source/phy/atmegarfa1/src/phy.o
 .debug_macro   0x00007266      0x2c0 src/ASF/thirdparty/wireless/avr2130_lwmesh/source/phy/atmegarfa1/src/phy.o
 .debug_macro   0x00007526      0x231 src/ASF/thirdparty/wireless/avr2130_lwmesh/source/phy/atmegarfa1/src/phy.o
 .debug_macro   0x00007757      0x1c0 src/ASF/thirdparty/wireless/avr2130_lwmesh/source/nwk/src/nwk.o
 .debug_macro   0x00007917       0x20 src/ASF/thirdparty/wireless/avr2130_lwmesh/source/nwk/src/nwk.o
 .debug_macro   0x00007937       0x16 src/ASF/thirdparty/wireless/avr2130_lwmesh/source/nwk/src/nwk.o
 .debug_macro   0x0000794d      0x1ab src/ASF/thirdparty/wireless/avr2130_lwmesh/source/nwk/src/nwkDataReq.o
 .debug_macro   0x00007af8      0x199 src/ASF/thirdparty/wireless/avr2130_lwmesh/source/nwk/src/nwkFrame.o
 .debug_macro   0x00007c91      0x1b7 src/ASF/thirdparty/wireless/avr2130_lwmesh/source/nwk/src/nwkRoute.o
 .debug_macro   0x00007e48      0x1c6 src/ASF/thirdparty/wireless/avr2130_lwmesh/source/nwk/src/nwkRouteDiscovery.o
 .debug_macro   0x0000800e      0x1eb src/ASF/thirdparty/wireless/avr2130_lwmesh/source/nwk/src/nwkRx.o
 .debug_macro   0x000081f9      0x1b1 src/ASF/thirdparty/wireless/avr2130_lwmesh/source/nwk/src/nwkSecurity.o
 .debug_macro   0x000083aa      0x1d9 src/ASF/thirdparty/wireless/avr2130_lwmesh/source/nwk/src/nwkTx.o
 .debug_macro   0x00008583      0x1cb src/ASF/common/boards/user_board/init.o
OUTPUT(CornerMole.elf elf32-avr)
LOAD linker stubs
